Archive member included to satisfy reference by file (symbol)

d:/a_userdownload/clion2cubemx_tool/gcc-arm-none-eabi-10.3-2021.10-win32/gcc-arm-none-eabi-10.3-2021.10/bin/../lib/gcc/arm-none-eabi/10.3.1/thumb/v7-m/nofp\libgcc.a(_arm_mulsf3.o)
                              CMakeFiles/My_FlyBack.elf.dir/User/Src/OLED.c.obj (__aeabi_fmul)
d:/a_userdownload/clion2cubemx_tool/gcc-arm-none-eabi-10.3-2021.10-win32/gcc-arm-none-eabi-10.3-2021.10/bin/../lib/gcc/arm-none-eabi/10.3.1/thumb/v7-m/nofp\libgcc.a(_arm_addsubsf3.o)
                              CMakeFiles/My_FlyBack.elf.dir/User/Src/OLED.c.obj (__aeabi_fsub)
d:/a_userdownload/clion2cubemx_tool/gcc-arm-none-eabi-10.3-2021.10-win32/gcc-arm-none-eabi-10.3-2021.10/bin/../lib/gcc/arm-none-eabi/10.3.1/thumb/v7-m/nofp\libgcc.a(_arm_cmpsf2.o)
                              CMakeFiles/My_FlyBack.elf.dir/User/Src/OLED.c.obj (__aeabi_fcmpge)
d:/a_userdownload/clion2cubemx_tool/gcc-arm-none-eabi-10.3-2021.10-win32/gcc-arm-none-eabi-10.3-2021.10/bin/../lib/gcc/arm-none-eabi/10.3.1/thumb/v7-m/nofp\libgcc.a(_arm_fixsfsi.o)
                              CMakeFiles/My_FlyBack.elf.dir/User/Src/OLED.c.obj (__aeabi_f2iz)
d:/a_userdownload/clion2cubemx_tool/gcc-arm-none-eabi-10.3-2021.10-win32/gcc-arm-none-eabi-10.3-2021.10/bin/../lib/gcc/arm-none-eabi/10.3.1/../../../../arm-none-eabi/lib/thumb/v7-m/nofp\libg.a(lib_a-errno.o)
                              CMakeFiles/My_FlyBack.elf.dir/Core/Src/syscalls.c.obj (__errno)
d:/a_userdownload/clion2cubemx_tool/gcc-arm-none-eabi-10.3-2021.10-win32/gcc-arm-none-eabi-10.3-2021.10/bin/../lib/gcc/arm-none-eabi/10.3.1/../../../../arm-none-eabi/lib/thumb/v7-m/nofp\libg.a(lib_a-exit.o)
                              d:/a_userdownload/clion2cubemx_tool/gcc-arm-none-eabi-10.3-2021.10-win32/gcc-arm-none-eabi-10.3-2021.10/bin/../lib/gcc/arm-none-eabi/10.3.1/../../../../arm-none-eabi/lib/thumb/v7-m/nofp/crt0.o (exit)
d:/a_userdownload/clion2cubemx_tool/gcc-arm-none-eabi-10.3-2021.10-win32/gcc-arm-none-eabi-10.3-2021.10/bin/../lib/gcc/arm-none-eabi/10.3.1/../../../../arm-none-eabi/lib/thumb/v7-m/nofp\libg.a(lib_a-impure.o)
                              d:/a_userdownload/clion2cubemx_tool/gcc-arm-none-eabi-10.3-2021.10-win32/gcc-arm-none-eabi-10.3-2021.10/bin/../lib/gcc/arm-none-eabi/10.3.1/../../../../arm-none-eabi/lib/thumb/v7-m/nofp\libg.a(lib_a-exit.o) (_global_impure_ptr)
d:/a_userdownload/clion2cubemx_tool/gcc-arm-none-eabi-10.3-2021.10-win32/gcc-arm-none-eabi-10.3-2021.10/bin/../lib/gcc/arm-none-eabi/10.3.1/../../../../arm-none-eabi/lib/thumb/v7-m/nofp\libg.a(lib_a-init.o)
                              d:/a_userdownload/clion2cubemx_tool/gcc-arm-none-eabi-10.3-2021.10-win32/gcc-arm-none-eabi-10.3-2021.10/bin/../lib/gcc/arm-none-eabi/10.3.1/../../../../arm-none-eabi/lib/thumb/v7-m/nofp/crt0.o (__libc_init_array)
d:/a_userdownload/clion2cubemx_tool/gcc-arm-none-eabi-10.3-2021.10-win32/gcc-arm-none-eabi-10.3-2021.10/bin/../lib/gcc/arm-none-eabi/10.3.1/../../../../arm-none-eabi/lib/thumb/v7-m/nofp\libg.a(lib_a-itoa.o)
                              CMakeFiles/My_FlyBack.elf.dir/User/Src/My_printf.c.obj (itoa)
d:/a_userdownload/clion2cubemx_tool/gcc-arm-none-eabi-10.3-2021.10-win32/gcc-arm-none-eabi-10.3-2021.10/bin/../lib/gcc/arm-none-eabi/10.3.1/../../../../arm-none-eabi/lib/thumb/v7-m/nofp\libg.a(lib_a-malloc.o)
                              CMakeFiles/My_FlyBack.elf.dir/User/Src/Uart_RxPackgae.c.obj (malloc)
d:/a_userdownload/clion2cubemx_tool/gcc-arm-none-eabi-10.3-2021.10-win32/gcc-arm-none-eabi-10.3-2021.10/bin/../lib/gcc/arm-none-eabi/10.3.1/../../../../arm-none-eabi/lib/thumb/v7-m/nofp\libg.a(lib_a-mallocr.o)
                              d:/a_userdownload/clion2cubemx_tool/gcc-arm-none-eabi-10.3-2021.10-win32/gcc-arm-none-eabi-10.3-2021.10/bin/../lib/gcc/arm-none-eabi/10.3.1/../../../../arm-none-eabi/lib/thumb/v7-m/nofp\libg.a(lib_a-malloc.o) (_malloc_r)
d:/a_userdownload/clion2cubemx_tool/gcc-arm-none-eabi-10.3-2021.10-win32/gcc-arm-none-eabi-10.3-2021.10/bin/../lib/gcc/arm-none-eabi/10.3.1/../../../../arm-none-eabi/lib/thumb/v7-m/nofp\libg.a(lib_a-memcpy.o)
                              CMakeFiles/My_FlyBack.elf.dir/User/Src/Motor.c.obj (memcpy)
d:/a_userdownload/clion2cubemx_tool/gcc-arm-none-eabi-10.3-2021.10-win32/gcc-arm-none-eabi-10.3-2021.10/bin/../lib/gcc/arm-none-eabi/10.3.1/../../../../arm-none-eabi/lib/thumb/v7-m/nofp\libg.a(lib_a-memset.o)
                              d:/a_userdownload/clion2cubemx_tool/gcc-arm-none-eabi-10.3-2021.10-win32/gcc-arm-none-eabi-10.3-2021.10/bin/../lib/gcc/arm-none-eabi/10.3.1/../../../../arm-none-eabi/lib/thumb/v7-m/nofp/crt0.o (memset)
d:/a_userdownload/clion2cubemx_tool/gcc-arm-none-eabi-10.3-2021.10-win32/gcc-arm-none-eabi-10.3-2021.10/bin/../lib/gcc/arm-none-eabi/10.3.1/../../../../arm-none-eabi/lib/thumb/v7-m/nofp\libg.a(lib_a-mlock.o)
[...]
Memory Configuration

Name             Origin             Length             Attributes
RAM              0x20000000         0x00005000         xrw
FLASH            0x08000000         0x00010000         xr
*default*        0x00000000         0xffffffff

Linker script and memory map

LOAD d:/a_userdownload/clion2cubemx_tool/gcc-arm-none-eabi-10.3-2021.10-win32/gcc-arm-none-eabi-10.3-2021.10/bin/../lib/gcc/arm-none-eabi/10.3.1/thumb/v7-m/nofp/crti.o
LOAD d:/a_userdownload/clion2cubemx_tool/gcc-arm-none-eabi-10.3-2021.10-win32/gcc-arm-none-eabi-10.3-2021.10/bin/../lib/gcc/arm-none-eabi/10.3.1/thumb/v7-m/nofp/crtbegin.o
LOAD d:/a_userdownload/clion2cubemx_tool/gcc-arm-none-eabi-10.3-2021.10-win32/gcc-arm-none-eabi-10.3-2021.10/bin/../lib/gcc/arm-none-eabi/10.3.1/../../../../arm-none-eabi/lib/thumb/v7-m/nofp/crt0.o
LOAD CMakeFiles/My_FlyBack.elf.dir/Core/Src/dma.c.obj
LOAD CMakeFiles/My_FlyBack.elf.dir/Core/Src/gpio.c.obj
LOAD CMakeFiles/My_FlyBack.elf.dir/Core/Src/main.c.obj
LOAD CMakeFiles/My_FlyBack.elf.dir/Core/Src/spi.c.obj
LOAD CMakeFiles/My_FlyBack.elf.dir/Core/Src/stm32f1xx_hal_msp.c.obj
LOAD CMakeFiles/My_FlyBack.elf.dir/Core/Src/stm32f1xx_it.c.obj
LOAD CMakeFiles/My_FlyBack.elf.dir/Core/Src/syscalls.c.obj
LOAD CMakeFiles/My_FlyBack.elf.dir/Core/Src/system_stm32f1xx.c.obj
LOAD CMakeFiles/My_FlyBack.elf.dir/Core/Src/tim.c.obj
LOAD CMakeFiles/My_FlyBack.elf.dir/Core/Src/usart.c.obj
LOAD CMakeFiles/My_FlyBack.elf.dir/Drivers/STM32F1xx_HAL_Driver/Src/stm32f1xx_hal.c.obj
LOAD CMakeFiles/My_FlyBack.elf.dir/Drivers/STM32F1xx_HAL_Driver/Src/stm32f1xx_hal_cortex.c.obj
LOAD CMakeFiles/My_FlyBack.elf.dir/Drivers/STM32F1xx_HAL_Driver/Src/stm32f1xx_hal_dma.c.obj
LOAD CMakeFiles/My_FlyBack.elf.dir/Drivers/STM32F1xx_HAL_Driver/Src/stm32f1xx_hal_exti.c.obj
LOAD CMakeFiles/My_FlyBack.elf.dir/Drivers/STM32F1xx_HAL_Driver/Src/stm32f1xx_hal_flash.c.obj
LOAD CMakeFiles/My_FlyBack.elf.dir/Drivers/STM32F1xx_HAL_Driver/Src/stm32f1xx_hal_flash_ex.c.obj
LOAD CMakeFiles/My_FlyBack.elf.dir/Drivers/STM32F1xx_HAL_Driver/Src/stm32f1xx_hal_gpio.c.obj
LOAD CMakeFiles/My_FlyBack.elf.dir/Drivers/STM32F1xx_HAL_Driver/Src/stm32f1xx_hal_gpio_ex.c.obj
LOAD CMakeFiles/My_FlyBack.elf.dir/Drivers/STM32F1xx_HAL_Driver/Src/stm32f1xx_hal_pwr.c.obj
LOAD CMakeFiles/My_FlyBack.elf.dir/Drivers/STM32F1xx_HAL_Driver/Src/stm32f1xx_hal_rcc.c.obj
LOAD CMakeFiles/My_FlyBack.elf.dir/Drivers/STM32F1xx_HAL_Driver/Src/stm32f1xx_hal_rcc_ex.c.obj
LOAD CMakeFiles/My_FlyBack.elf.dir/Drivers/STM32F1xx_HAL_Driver/Src/stm32f1xx_hal_spi.c.obj
LOAD CMakeFiles/My_FlyBack.elf.dir/Drivers/STM32F1xx_HAL_Driver/Src/stm32f1xx_hal_tim.c.obj
LOAD CMakeFiles/My_FlyBack.elf.dir/Drivers/STM32F1xx_HAL_Driver/Src/stm32f1xx_hal_tim_ex.c.obj
LOAD CMakeFiles/My_FlyBack.elf.dir/Drivers/STM32F1xx_HAL_Driver/Src/stm32f1xx_hal_uart.c.obj
LOAD CMakeFiles/My_FlyBack.elf.dir/User/Src/MFRC522.c.obj
LOAD CMakeFiles/My_FlyBack.elf.dir/User/Src/Motor.c.obj
LOAD CMakeFiles/My_FlyBack.elf.dir/User/Src/My_printf.c.obj
LOAD CMakeFiles/My_FlyBack.elf.dir/User/Src/OLED.c.obj
LOAD CMakeFiles/My_FlyBack.elf.dir/User/Src/Uart_RxPackgae.c.obj
LOAD CMakeFiles/My_FlyBack.elf.dir/User/Src/retarget.c.obj
LOAD CMakeFiles/My_FlyBack.elf.dir/startup/startup_stm32f103xb.s.obj
START GROUP
LOAD d:/a_userdownload/clion2cubemx_tool/gcc-arm-none-eabi-10.3-2021.10-win32/gcc-arm-none-eabi-10.3-2021.10/bin/../lib/gcc/arm-none-eabi/10.3.1/thumb/v7-m/nofp\libgcc.a
LOAD d:/a_userdownload/clion2cubemx_tool/gcc-arm-none-eabi-10.3-2021.10-win32/gcc-arm-none-eabi-10.3-2021.10/bin/../lib/gcc/arm-none-eabi/10.3.1/../../../../arm-none-eabi/lib/thumb/v7-m/nofp\libg.a
LOAD d:/a_userdownload/clion2cubemx_tool/gcc-arm-none-eabi-10.3-2021.10-win32/gcc-arm-none-eabi-10.3-2021.10/bin/../lib/gcc/arm-none-eabi/10.3.1/../../../../arm-none-eabi/lib/thumb/v7-m/nofp\libc.a
END GROUP
LOAD d:/a_userdownload/clion2cubemx_tool/gcc-arm-none-eabi-10.3-2021.10-win32/gcc-arm-none-eabi-10.3-2021.10/bin/../lib/gcc/arm-none-eabi/10.3.1/thumb/v7-m/nofp/crtend.o
LOAD d:/a_userdownload/clion2cubemx_tool/gcc-arm-none-eabi-10.3-2021.10-win32/gcc-arm-none-eabi-10.3-2021.10/bin/../lib/gcc/arm-none-eabi/10.3.1/thumb/v7-m/nofp/crtn.o
                0x20005000                _estack = (ORIGIN (RAM) + LENGTH (RAM))
                0x00000200                _Min_Heap_Size = 0x200
                0x00000400                _Min_Stack_Size = 0x400

.isr_vector     0x08000000      0x10c
                0x08000000                . = ALIGN (0x4)
 *(.isr_vector)
 .isr_vector    0x08000000      0x10c CMakeFiles/My_FlyBack.elf.dir/startup/startup_stm32f103xb.s.obj
                0x08000000                g_pfnVectors
                0x0800010c                . = ALIGN (0x4)

.text           0x08000110     0x9d90
                0x08000110                . = ALIGN (0x4)
 *(.text)
 .text          0x08000110       0x40 d:/a_userdownload/clion2cubemx_tool/gcc-arm-none-eabi-10.3-2021.10-win32/gcc-arm-none-eabi-10.3-2021.10/bin/../lib/gcc/arm-none-eabi/10.3.1/thumb/v7-m/nofp/crtbegin.o
 .text          0x08000150       0xec d:/a_userdownload/clion2cubemx_tool/gcc-arm-none-eabi-10.3-2021.10-win32/gcc-arm-none-eabi-10.3-2021.10/bin/../lib/gcc/arm-none-eabi/10.3.1/../../../../arm-none-eabi/lib/thumb/v7-m/nofp\libg.a(lib_a-memcpy.o)
                0x08000150                memcpy
 .text          0x0800023c      0x378 d:/a_userdownload/clion2cubemx_tool/gcc-arm-none-eabi-10.3-2021.10-win32/gcc-arm-none-eabi-10.3-2021.10/bin/../lib/gcc/arm-none-eabi/10.3.1/thumb/v7-m/nofp\libgcc.a(_arm_addsubdf3.o)
                0x0800023c                __aeabi_drsub
                0x08000244                __aeabi_dsub
                0x08000244                __subdf3
                0x08000248                __aeabi_dadd
                0x08000248                __adddf3
                0x080004c0                __floatunsidf
                0x080004c0                __aeabi_ui2d
                0x080004e0                __floatsidf
                0x080004e0                __aeabi_i2d
                0x08000504                __aeabi_f2d
                0x08000504                __extendsfdf2
                0x08000548                __floatundidf
                0x08000548                __aeabi_ul2d
                0x08000558                __floatdidf
                0x08000558                __aeabi_l2d
 .text          0x080005b4      0x424 d:/a_userdownload/clion2cubemx_tool/gcc-arm-none-eabi-10.3-2021.10-win32/gcc-arm-none-eabi-10.3-2021.10/bin/../lib/gcc/arm-none-eabi/10.3.1/thumb/v7-m/nofp\libgcc.a(_arm_muldivdf3.o)
                0x080005b4                __aeabi_dmul
                0x080005b4                __muldf3
                0x08000808                __divdf3
                0x08000808                __aeabi_ddiv
 .text          0x080009d8      0x110 d:/a_userdownload/clion2cubemx_tool/gcc-arm-none-eabi-10.3-2021.10-win32/gcc-arm-none-eabi-10.3-2021.10/bin/../lib/gcc/arm-none-eabi/10.3.1/thumb/v7-m/nofp\libgcc.a(_arm_cmpdf2.o)
                0x080009d8                __gtdf2
                0x080009d8                __gedf2
                0x080009e0                __ltdf2
                0x080009e0                __ledf2
                0x080009e8                __nedf2
                0x080009e8                __eqdf2
                0x080009e8                __cmpdf2
                0x08000a64                __aeabi_cdrcmple
                0x08000a74                __aeabi_cdcmpeq
                0x08000a74                __aeabi_cdcmple
                0x08000a84                __aeabi_dcmpeq
                0x08000a98                __aeabi_dcmplt
                0x08000aac                __aeabi_dcmple
                0x08000ac0                __aeabi_dcmpge
                0x08000ad4                __aeabi_dcmpgt
 .text          0x08000ae8       0x2c d:/a_userdownload/clion2cubemx_tool/gcc-arm-none-eabi-10.3-2021.10-win32/gcc-arm-none-eabi-10.3-2021.10/bin/../lib/gcc/arm-none-eabi/10.3.1/thumb/v7-m/nofp\libgcc.a(_arm_unorddf2.o)
                0x08000ae8                __unorddf2
                0x08000ae8                __aeabi_dcmpun
 .text          0x08000b14       0x50 d:/a_userdownload/clion2cubemx_tool/gcc-arm-none-eabi-10.3-2021.10-win32/gcc-arm-none-eabi-10.3-2021.10/bin/../lib/gcc/arm-none-eabi/10.3.1/thumb/v7-m/nofp\libgcc.a(_arm_fixdfsi.o)
                0x08000b14                __aeabi_d2iz
                0x08000b14                __fixdfsi
 .text          0x08000b64       0x30 d:/a_userdownload/clion2cubemx_tool/gcc-arm-none-eabi-10.3-2021.10-win32/gcc-arm-none-eabi-10.3-2021.10/bin/../lib/gcc/arm-none-eabi/10.3.1/thumb/v7-m/nofp\libgcc.a(_aeabi_uldivmod.o)
                0x08000b64                __aeabi_uldivmod
 .text          0x08000b94      0x2d4 d:/a_userdownload/clion2cubemx_tool/gcc-arm-none-eabi-10.3-2021.10-win32/gcc-arm-none-eabi-10.3-2021.10/bin/../lib/gcc/arm-none-eabi/10.3.1/thumb/v7-m/nofp\libgcc.a(_udivmoddi4.o)
                0x08000b94                __udivmoddi4
 .text          0x08000e68        0x4 d:/a_userdownload/clion2cubemx_tool/gcc-arm-none-eabi-10.3-2021.10-win32/gcc-arm-none-eabi-10.3-2021.10/bin/../lib/gcc/arm-none-eabi/10.3.1/thumb/v7-m/nofp\libgcc.a(_dvmd_tls.o)
                0x08000e68                __aeabi_idiv0
                0x08000e68                __aeabi_ldiv0
 *(.text*)
 .text.MX_DMA_Init
                0x08000e6c       0x44 CMakeFiles/My_FlyBack.elf.dir/Core/Src/dma.c.obj
                0x08000e6c                MX_DMA_Init
 .text.MX_GPIO_Init
                0x08000eb0      0x118 CMakeFiles/My_FlyBack.elf.dir/Core/Src/gpio.c.obj
                0x08000eb0                MX_GPIO_Init
 .text.Error_Handler
                0x08000fc8        0x4 CMakeFiles/My_FlyBack.elf.dir/Core/Src/main.c.obj
                0x08000fc8                Error_Handler
 .text.SystemClock_Config
                0x08000fcc       0x64 CMakeFiles/My_FlyBack.elf.dir/Core/Src/main.c.obj
                0x08000fcc                SystemClock_Config
 .text.main     0x08001030       0xd0 CMakeFiles/My_FlyBack.elf.dir/Core/Src/main.c.obj
                0x08001030                main
 .text.MX_SPI1_Init
                0x08001100       0x44 CMakeFiles/My_FlyBack.elf.dir/Core/Src/spi.c.obj
                0x08001100                MX_SPI1_Init
 .text.HAL_SPI_MspInit
                0x08001144       0x74 CMakeFiles/My_FlyBack.elf.dir/Core/Src/spi.c.obj
                0x08001144                HAL_SPI_MspInit
 .text.HAL_MspInit
                0x080011b8       0x44 CMakeFiles/My_FlyBack.elf.dir/Core/Src/stm32f1xx_hal_msp.c.obj
                0x080011b8                HAL_MspInit
 .text.NMI_Handler
                0x080011fc        0x2 CMakeFiles/My_FlyBack.elf.dir/Core/Src/stm32f1xx_it.c.obj
                0x080011fc                NMI_Handler
 .text.HardFault_Handler
                0x080011fe        0x2 CMakeFiles/My_FlyBack.elf.dir/Core/Src/stm32f1xx_it.c.obj
                0x080011fe                HardFault_Handler
 .text.MemManage_Handler
                0x08001200        0x2 CMakeFiles/My_FlyBack.elf.dir/Core/Src/stm32f1xx_it.c.obj
                0x08001200                MemManage_Handler
 .text.BusFault_Handler
                0x08001202        0x2 CMakeFiles/My_FlyBack.elf.dir/Core/Src/stm32f1xx_it.c.obj
                0x08001202                BusFault_Handler
 .text.UsageFault_Handler
                0x08001204        0x2 CMakeFiles/My_FlyBack.elf.dir/Core/Src/stm32f1xx_it.c.obj
                0x08001204                UsageFault_Handler
 .text.SVC_Handler
                0x08001206        0x2 CMakeFiles/My_FlyBack.elf.dir/Core/Src/stm32f1xx_it.c.obj
                0x08001206                SVC_Handler
 .text.DebugMon_Handler
                0x08001208        0x2 CMakeFiles/My_FlyBack.elf.dir/Core/Src/stm32f1xx_it.c.obj
                0x08001208                DebugMon_Handler
 .text.PendSV_Handler
                0x0800120a        0x2 CMakeFiles/My_FlyBack.elf.dir/Core/Src/stm32f1xx_it.c.obj
                0x0800120a                PendSV_Handler
 .text.SysTick_Handler
                0x0800120c        0x8 CMakeFiles/My_FlyBack.elf.dir/Core/Src/stm32f1xx_it.c.obj
                0x0800120c                SysTick_Handler
 .text.DMA1_Channel6_IRQHandler
                0x08001214       0x10 CMakeFiles/My_FlyBack.elf.dir/Core/Src/stm32f1xx_it.c.obj
                0x08001214                DMA1_Channel6_IRQHandler
 .text.DMA1_Channel7_IRQHandler
                0x08001224       0x10 CMakeFiles/My_FlyBack.elf.dir/Core/Src/stm32f1xx_it.c.obj
                0x08001224                DMA1_Channel7_IRQHandler
 .text.TIM2_IRQHandler
                0x08001234       0x10 CMakeFiles/My_FlyBack.elf.dir/Core/Src/stm32f1xx_it.c.obj
                0x08001234                TIM2_IRQHandler
 .text.USART2_IRQHandler
                0x08001244       0x10 CMakeFiles/My_FlyBack.elf.dir/Core/Src/stm32f1xx_it.c.obj
                0x08001244                USART2_IRQHandler
 .text.HAL_TIM_PeriodElapsedCallback
                0x08001254       0x3c CMakeFiles/My_FlyBack.elf.dir/Core/Src/stm32f1xx_it.c.obj
                0x08001254                HAL_TIM_PeriodElapsedCallback
 .text.HAL_UART_RxCpltCallback
                0x08001290       0x28 CMakeFiles/My_FlyBack.elf.dir/Core/Src/stm32f1xx_it.c.obj
                0x08001290                HAL_UART_RxCpltCallback
 .text._getpid  0x080012b8        0x4 CMakeFiles/My_FlyBack.elf.dir/Core/Src/syscalls.c.obj
                0x080012b8                _getpid
 .text._kill    0x080012bc       0x10 CMakeFiles/My_FlyBack.elf.dir/Core/Src/syscalls.c.obj
                0x080012bc                _kill
 .text._exit    0x080012cc        0xc CMakeFiles/My_FlyBack.elf.dir/Core/Src/syscalls.c.obj
                0x080012cc                _exit
 .text._sbrk    0x080012d8       0x3c CMakeFiles/My_FlyBack.elf.dir/Core/Src/syscalls.c.obj
                0x080012d8                _sbrk
 .text._close   0x08001314        0x6 CMakeFiles/My_FlyBack.elf.dir/Core/Src/syscalls.c.obj
                0x08001314                _close
 .text.SystemInit
                0x0800131a        0x2 CMakeFiles/My_FlyBack.elf.dir/Core/Src/system_stm32f1xx.c.obj
                0x0800131a                SystemInit
 .text.MX_TIM2_Init
                0x0800131c       0x70 CMakeFiles/My_FlyBack.elf.dir/Core/Src/tim.c.obj
                0x0800131c                MX_TIM2_Init
 .text.HAL_TIM_Base_MspInit
                0x0800138c       0x60 CMakeFiles/My_FlyBack.elf.dir/Core/Src/tim.c.obj
                0x0800138c                HAL_TIM_Base_MspInit
 .text.HAL_TIM_MspPostInit
                0x080013ec       0x50 CMakeFiles/My_FlyBack.elf.dir/Core/Src/tim.c.obj
                0x080013ec                HAL_TIM_MspPostInit
 .text.MX_TIM1_Init
                0x0800143c       0xe8 CMakeFiles/My_FlyBack.elf.dir/Core/Src/tim.c.obj
                0x0800143c                MX_TIM1_Init
 .text.MX_USART1_UART_Init
                0x08001524       0x34 CMakeFiles/My_FlyBack.elf.dir/Core/Src/usart.c.obj
                0x08001524                MX_USART1_UART_Init
 .text.MX_USART2_UART_Init
                0x08001558       0x34 CMakeFiles/My_FlyBack.elf.dir/Core/Src/usart.c.obj
                0x08001558                MX_USART2_UART_Init
 .text.HAL_UART_MspInit
                0x0800158c      0x154 CMakeFiles/My_FlyBack.elf.dir/Core/Src/usart.c.obj
                0x0800158c                HAL_UART_MspInit
 .text.HAL_InitTick
                0x080016e0       0x4c CMakeFiles/My_FlyBack.elf.dir/Drivers/STM32F1xx_HAL_Driver/Src/stm32f1xx_hal.c.obj
                0x080016e0                HAL_InitTick
 .text.HAL_Init
                0x0800172c       0x24 CMakeFiles/My_FlyBack.elf.dir/Drivers/STM32F1xx_HAL_Driver/Src/stm32f1xx_hal.c.obj
                0x0800172c                HAL_Init
 .text.HAL_IncTick
                0x08001750       0x18 CMakeFiles/My_FlyBack.elf.dir/Drivers/STM32F1xx_HAL_Driver/Src/stm32f1xx_hal.c.obj
                0x08001750                HAL_IncTick
 .text.HAL_GetTick
                0x08001768        0xc CMakeFiles/My_FlyBack.elf.dir/Drivers/STM32F1xx_HAL_Driver/Src/stm32f1xx_hal.c.obj
                0x08001768                HAL_GetTick
 .text.HAL_Delay
                0x08001774       0x28 CMakeFiles/My_FlyBack.elf.dir/Drivers/STM32F1xx_HAL_Driver/Src/stm32f1xx_hal.c.obj
                0x08001774                HAL_Delay
 .text.HAL_NVIC_SetPriorityGrouping
                0x0800179c       0x24 CMakeFiles/My_FlyBack.elf.dir/Drivers/STM32F1xx_HAL_Driver/Src/stm32f1xx_hal_cortex.c.obj
                0x0800179c                HAL_NVIC_SetPriorityGrouping
 .text.HAL_NVIC_SetPriority
                0x080017c0       0x70 CMakeFiles/My_FlyBack.elf.dir/Drivers/STM32F1xx_HAL_Driver/Src/stm32f1xx_hal_cortex.c.obj
                0x080017c0                HAL_NVIC_SetPriority
 .text.HAL_NVIC_EnableIRQ
                0x08001830       0x1c CMakeFiles/My_FlyBack.elf.dir/Drivers/STM32F1xx_HAL_Driver/Src/stm32f1xx_hal_cortex.c.obj
                0x08001830                HAL_NVIC_EnableIRQ
 .text.HAL_SYSTICK_Config
                0x0800184c       0x28 CMakeFiles/My_FlyBack.elf.dir/Drivers/STM32F1xx_HAL_Driver/Src/stm32f1xx_hal_cortex.c.obj
                0x0800184c                HAL_SYSTICK_Config
 .text.DMA_SetConfig
                0x08001874       0x2c CMakeFiles/My_FlyBack.elf.dir/Drivers/STM32F1xx_HAL_Driver/Src/stm32f1xx_hal_dma.c.obj
 .text.HAL_DMA_Init
                0x080018a0       0x6c CMakeFiles/My_FlyBack.elf.dir/Drivers/STM32F1xx_HAL_Driver/Src/stm32f1xx_hal_dma.c.obj
                0x080018a0                HAL_DMA_Init
 .text.HAL_DMA_Start_IT
                0x0800190c       0x76 CMakeFiles/My_FlyBack.elf.dir/Drivers/STM32F1xx_HAL_Driver/Src/stm32f1xx_hal_dma.c.obj
                0x0800190c                HAL_DMA_Start_IT
 .text.HAL_DMA_Abort
                0x08001982       0x46 CMakeFiles/My_FlyBack.elf.dir/Drivers/STM32F1xx_HAL_Driver/Src/stm32f1xx_hal_dma.c.obj
                0x08001982                HAL_DMA_Abort
 .text.HAL_DMA_Abort_IT
                0x080019c8       0x98 CMakeFiles/My_FlyBack.elf.dir/Drivers/STM32F1xx_HAL_Driver/Src/stm32f1xx_hal_dma.c.obj
                0x080019c8                HAL_DMA_Abort_IT
 .text.HAL_DMA_IRQHandler
                0x08001a60      0x144 CMakeFiles/My_FlyBack.elf.dir/Drivers/STM32F1xx_HAL_Driver/Src/stm32f1xx_hal_dma.c.obj
                0x08001a60                HAL_DMA_IRQHandler
 .text.HAL_GPIO_Init
                0x08001ba4      0x224 CMakeFiles/My_FlyBack.elf.dir/Drivers/STM32F1xx_HAL_Driver/Src/stm32f1xx_hal_gpio.c.obj
                0x08001ba4                HAL_GPIO_Init
 .text.HAL_GPIO_WritePin
                0x08001dc8        0xc CMakeFiles/My_FlyBack.elf.dir/Drivers/STM32F1xx_HAL_Driver/Src/stm32f1xx_hal_gpio.c.obj
                0x08001dc8                HAL_GPIO_WritePin
 .text.HAL_GPIO_TogglePin
                0x08001dd4       0x12 CMakeFiles/My_FlyBack.elf.dir/Drivers/STM32F1xx_HAL_Driver/Src/stm32f1xx_hal_gpio.c.obj
                0x08001dd4                HAL_GPIO_TogglePin
 *fill*         0x08001de6        0x2 
 .text.RCC_Delay
                0x08001de8       0x2c CMakeFiles/My_FlyBack.elf.dir/Drivers/STM32F1xx_HAL_Driver/Src/stm32f1xx_hal_rcc.c.obj
 .text.HAL_RCC_OscConfig
                0x08001e14      0x410 CMakeFiles/My_FlyBack.elf.dir/Drivers/STM32F1xx_HAL_Driver/Src/stm32f1xx_hal_rcc.c.obj
                0x08001e14                HAL_RCC_OscConfig
 .text.HAL_RCC_GetSysClockFreq
                0x08002224       0x54 CMakeFiles/My_FlyBack.elf.dir/Drivers/STM32F1xx_HAL_Driver/Src/stm32f1xx_hal_rcc.c.obj
                0x08002224                HAL_RCC_GetSysClockFreq
 .text.HAL_RCC_ClockConfig
                0x08002278      0x16c CMakeFiles/My_FlyBack.elf.dir/Drivers/STM32F1xx_HAL_Driver/Src/stm32f1xx_hal_rcc.c.obj
                0x08002278                HAL_RCC_ClockConfig
 .text.HAL_RCC_GetHCLKFreq
                0x080023e4        0xc CMakeFiles/My_FlyBack.elf.dir/Drivers/STM32F1xx_HAL_Driver/Src/stm32f1xx_hal_rcc.c.obj
                0x080023e4                HAL_RCC_GetHCLKFreq
 .text.HAL_RCC_GetPCLK1Freq
                0x080023f0       0x20 CMakeFiles/My_FlyBack.elf.dir/Drivers/STM32F1xx_HAL_Driver/Src/stm32f1xx_hal_rcc.c.obj
                0x080023f0                HAL_RCC_GetPCLK1Freq
 .text.HAL_RCC_GetPCLK2Freq
                0x08002410       0x20 CMakeFiles/My_FlyBack.elf.dir/Drivers/STM32F1xx_HAL_Driver/Src/stm32f1xx_hal_rcc.c.obj
                0x08002410                HAL_RCC_GetPCLK2Freq
 .text.HAL_SPI_Init
                0x08002430       0xb6 CMakeFiles/My_FlyBack.elf.dir/Drivers/STM32F1xx_HAL_Driver/Src/stm32f1xx_hal_spi.c.obj
                0x08002430                HAL_SPI_Init
 *fill*         0x080024e6        0x2 
 .text.TIM_OC1_SetConfig
                0x080024e8       0x5c CMakeFiles/My_FlyBack.elf.dir/Drivers/STM32F1xx_HAL_Driver/Src/stm32f1xx_hal_tim.c.obj
 .text.TIM_OC3_SetConfig
                0x08002544       0x64 CMakeFiles/My_FlyBack.elf.dir/Drivers/STM32F1xx_HAL_Driver/Src/stm32f1xx_hal_tim.c.obj
 .text.TIM_OC4_SetConfig
                0x080025a8       0x48 CMakeFiles/My_FlyBack.elf.dir/Drivers/STM32F1xx_HAL_Driver/Src/stm32f1xx_hal_tim.c.obj
 .text.TIM_TI1_ConfigInputStage
                0x080025f0       0x24 CMakeFiles/My_FlyBack.elf.dir/Drivers/STM32F1xx_HAL_Driver/Src/stm32f1xx_hal_tim.c.obj
 .text.TIM_TI2_ConfigInputStage
                0x08002614       0x26 CMakeFiles/My_FlyBack.elf.dir/Drivers/STM32F1xx_HAL_Driver/Src/stm32f1xx_hal_tim.c.obj
 .text.TIM_ITRx_SetConfig
                0x0800263a       0x10 CMakeFiles/My_FlyBack.elf.dir/Drivers/STM32F1xx_HAL_Driver/Src/stm32f1xx_hal_tim.c.obj
 *fill*         0x0800264a        0x2 
 .text.HAL_TIM_Base_Start_IT
                0x0800264c       0x68 CMakeFiles/My_FlyBack.elf.dir/Drivers/STM32F1xx_HAL_Driver/Src/stm32f1xx_hal_tim.c.obj
                0x0800264c                HAL_TIM_Base_Start_IT
 .text.HAL_TIM_PWM_MspInit
                0x080026b4        0x2 CMakeFiles/My_FlyBack.elf.dir/Drivers/STM32F1xx_HAL_Driver/Src/stm32f1xx_hal_tim.c.obj
                0x080026b4                HAL_TIM_PWM_MspInit
 .text.HAL_TIM_OC_DelayElapsedCallback
                0x080026b6        0x2 CMakeFiles/My_FlyBack.elf.dir/Drivers/STM32F1xx_HAL_Driver/Src/stm32f1xx_hal_tim.c.obj
                0x080026b6                HAL_TIM_OC_DelayElapsedCallback
 .text.HAL_TIM_IC_CaptureCallback
                0x080026b8        0x2 CMakeFiles/My_FlyBack.elf.dir/Drivers/STM32F1xx_HAL_Driver/Src/stm32f1xx_hal_tim.c.obj
                0x080026b8                HAL_TIM_IC_CaptureCallback
 .text.HAL_TIM_PWM_PulseFinishedCallback
                0x080026ba        0x2 CMakeFiles/My_FlyBack.elf.dir/Drivers/STM32F1xx_HAL_Driver/Src/stm32f1xx_hal_tim.c.obj
                0x080026ba                HAL_TIM_PWM_PulseFinishedCallback
 .text.HAL_TIM_TriggerCallback
                0x080026bc        0x2 CMakeFiles/My_FlyBack.elf.dir/Drivers/STM32F1xx_HAL_Driver/Src/stm32f1xx_hal_tim.c.obj
                0x080026bc                HAL_TIM_TriggerCallback
 .text.HAL_TIM_IRQHandler
                0x080026be      0x17a CMakeFiles/My_FlyBack.elf.dir/Drivers/STM32F1xx_HAL_Driver/Src/stm32f1xx_hal_tim.c.obj
                0x080026be                HAL_TIM_IRQHandler
 .text.TIM_Base_SetConfig
                0x08002838       0x74 CMakeFiles/My_FlyBack.elf.dir/Drivers/STM32F1xx_HAL_Driver/Src/stm32f1xx_hal_tim.c.obj
                0x08002838                TIM_Base_SetConfig
 .text.HAL_TIM_Base_Init
                0x080028ac       0x58 CMakeFiles/My_FlyBack.elf.dir/Drivers/STM32F1xx_HAL_Driver/Src/stm32f1xx_hal_tim.c.obj
                0x080028ac                HAL_TIM_Base_Init
 .text.HAL_TIM_PWM_Init
                0x08002904       0x58 CMakeFiles/My_FlyBack.elf.dir/Drivers/STM32F1xx_HAL_Driver/Src/stm32f1xx_hal_tim.c.obj
                0x08002904                HAL_TIM_PWM_Init
 .text.TIM_OC2_SetConfig
                0x0800295c       0x64 CMakeFiles/My_FlyBack.elf.dir/Drivers/STM32F1xx_HAL_Driver/Src/stm32f1xx_hal_tim.c.obj
                0x0800295c                TIM_OC2_SetConfig
 .text.HAL_TIM_PWM_ConfigChannel
                0x080029c0       0xdc CMakeFiles/My_FlyBack.elf.dir/Drivers/STM32F1xx_HAL_Driver/Src/stm32f1xx_hal_tim.c.obj
                0x080029c0                HAL_TIM_PWM_ConfigChannel
 .text.TIM_ETR_SetConfig
                0x08002a9c       0x18 CMakeFiles/My_FlyBack.elf.dir/Drivers/STM32F1xx_HAL_Driver/Src/stm32f1xx_hal_tim.c.obj
                0x08002a9c                TIM_ETR_SetConfig
 .text.HAL_TIM_ConfigClockSource
                0x08002ab4       0xfe CMakeFiles/My_FlyBack.elf.dir/Drivers/STM32F1xx_HAL_Driver/Src/stm32f1xx_hal_tim.c.obj
                0x08002ab4                HAL_TIM_ConfigClockSource
 *fill*         0x08002bb2        0x2 
 .text.HAL_TIMEx_MasterConfigSynchronization
                0x08002bb4       0x6c CMakeFiles/My_FlyBack.elf.dir/Drivers/STM32F1xx_HAL_Driver/Src/stm32f1xx_hal_tim_ex.c.obj
                0x08002bb4                HAL_TIMEx_MasterConfigSynchronization
 .text.HAL_TIMEx_ConfigBreakDeadTime
                0x08002c20       0x52 CMakeFiles/My_FlyBack.elf.dir/Drivers/STM32F1xx_HAL_Driver/Src/stm32f1xx_hal_tim_ex.c.obj
                0x08002c20                HAL_TIMEx_ConfigBreakDeadTime
 .text.HAL_TIMEx_CommutCallback
                0x08002c72        0x2 CMakeFiles/My_FlyBack.elf.dir/Drivers/STM32F1xx_HAL_Driver/Src/stm32f1xx_hal_tim_ex.c.obj
                0x08002c72                HAL_TIMEx_CommutCallback
 .text.HAL_TIMEx_BreakCallback
                0x08002c74        0x2 CMakeFiles/My_FlyBack.elf.dir/Drivers/STM32F1xx_HAL_Driver/Src/stm32f1xx_hal_tim_ex.c.obj
                0x08002c74                HAL_TIMEx_BreakCallback
 .text.UART_EndTxTransfer
                0x08002c76       0x20 CMakeFiles/My_FlyBack.elf.dir/Drivers/STM32F1xx_HAL_Driver/Src/stm32f1xx_hal_uart.c.obj
 .text.UART_EndRxTransfer
                0x08002c96       0x5c CMakeFiles/My_FlyBack.elf.dir/Drivers/STM32F1xx_HAL_Driver/Src/stm32f1xx_hal_uart.c.obj
 .text.UART_Transmit_IT
                0x08002cf2       0x60 CMakeFiles/My_FlyBack.elf.dir/Drivers/STM32F1xx_HAL_Driver/Src/stm32f1xx_hal_uart.c.obj
 *fill*         0x08002d52        0x2 
 .text.UART_SetConfig
                0x08002d54       0x94 CMakeFiles/My_FlyBack.elf.dir/Drivers/STM32F1xx_HAL_Driver/Src/stm32f1xx_hal_uart.c.obj
 .text.UART_WaitOnFlagUntilTimeout
                0x08002de8       0x88 CMakeFiles/My_FlyBack.elf.dir/Drivers/STM32F1xx_HAL_Driver/Src/stm32f1xx_hal_uart.c.obj
 .text.HAL_UART_Init
                0x08002e70       0x60 CMakeFiles/My_FlyBack.elf.dir/Drivers/STM32F1xx_HAL_Driver/Src/stm32f1xx_hal_uart.c.obj
                0x08002e70                HAL_UART_Init
 .text.HAL_UART_Transmit
                0x08002ed0       0xbe CMakeFiles/My_FlyBack.elf.dir/Drivers/STM32F1xx_HAL_Driver/Src/stm32f1xx_hal_uart.c.obj
                0x08002ed0                HAL_UART_Transmit
 .text.HAL_UART_Receive
                0x08002f8e       0xca CMakeFiles/My_FlyBack.elf.dir/Drivers/STM32F1xx_HAL_Driver/Src/stm32f1xx_hal_uart.c.obj
                0x08002f8e                HAL_UART_Receive
 .text.HAL_UART_TxCpltCallback
                0x08003058        0x2 CMakeFiles/My_FlyBack.elf.dir/Drivers/STM32F1xx_HAL_Driver/Src/stm32f1xx_hal_uart.c.obj
                0x08003058                HAL_UART_TxCpltCallback
 .text.UART_EndTransmit_IT
                0x0800305a       0x1a CMakeFiles/My_FlyBack.elf.dir/Drivers/STM32F1xx_HAL_Driver/Src/stm32f1xx_hal_uart.c.obj
 .text.HAL_UART_RxHalfCpltCallback
                0x08003074        0x2 CMakeFiles/My_FlyBack.elf.dir/Drivers/STM32F1xx_HAL_Driver/Src/stm32f1xx_hal_uart.c.obj
                0x08003074                HAL_UART_RxHalfCpltCallback
 .text.HAL_UART_ErrorCallback
                0x08003076        0x2 CMakeFiles/My_FlyBack.elf.dir/Drivers/STM32F1xx_HAL_Driver/Src/stm32f1xx_hal_uart.c.obj
                0x08003076                HAL_UART_ErrorCallback
 .text.UART_DMAError
                0x08003078       0x58 CMakeFiles/My_FlyBack.elf.dir/Drivers/STM32F1xx_HAL_Driver/Src/stm32f1xx_hal_uart.c.obj
 .text.UART_DMAAbortOnError
                0x080030d0       0x10 CMakeFiles/My_FlyBack.elf.dir/Drivers/STM32F1xx_HAL_Driver/Src/stm32f1xx_hal_uart.c.obj
 .text.HAL_UARTEx_RxEventCallback
                0x080030e0        0x2 CMakeFiles/My_FlyBack.elf.dir/Drivers/STM32F1xx_HAL_Driver/Src/stm32f1xx_hal_uart.c.obj
                0x080030e0                HAL_UARTEx_RxEventCallback
 .text.UART_Receive_IT
                0x080030e2       0xe6 CMakeFiles/My_FlyBack.elf.dir/Drivers/STM32F1xx_HAL_Driver/Src/stm32f1xx_hal_uart.c.obj
 .text.HAL_UART_IRQHandler
                0x080031c8      0x288 CMakeFiles/My_FlyBack.elf.dir/Drivers/STM32F1xx_HAL_Driver/Src/stm32f1xx_hal_uart.c.obj
                0x080031c8                HAL_UART_IRQHandler
 .text.UART_DMARxHalfCplt
                0x08003450       0x1e CMakeFiles/My_FlyBack.elf.dir/Drivers/STM32F1xx_HAL_Driver/Src/stm32f1xx_hal_uart.c.obj
 .text.UART_DMAReceiveCplt
                0x0800346e       0x9a CMakeFiles/My_FlyBack.elf.dir/Drivers/STM32F1xx_HAL_Driver/Src/stm32f1xx_hal_uart.c.obj
 .text.UART_Start_Receive_DMA
                0x08003508       0xa4 CMakeFiles/My_FlyBack.elf.dir/Drivers/STM32F1xx_HAL_Driver/Src/stm32f1xx_hal_uart.c.obj
                0x08003508                UART_Start_Receive_DMA
 .text.HAL_UART_Receive_DMA
                0x080035ac       0x26 CMakeFiles/My_FlyBack.elf.dir/Drivers/STM32F1xx_HAL_Driver/Src/stm32f1xx_hal_uart.c.obj
                0x080035ac                HAL_UART_Receive_DMA
 .text.StringLength
                0x080035d2       0x12 CMakeFiles/My_FlyBack.elf.dir/User/Src/My_printf.c.obj
                0x080035d2                StringLength
 .text.MY_Retarget
                0x080035e4        0xc CMakeFiles/My_FlyBack.elf.dir/User/Src/My_printf.c.obj
                0x080035e4                MY_Retarget
 .text.MY_printf
                0x080035f0      0x18c CMakeFiles/My_FlyBack.elf.dir/User/Src/My_printf.c.obj
                0x080035f0                MY_printf
 .text.OLED_W_SCL
                0x0800377c       0x18 CMakeFiles/My_FlyBack.elf.dir/User/Src/OLED.c.obj
                0x0800377c                OLED_W_SCL
 .text.OLED_I2C_Init
                0x08003794       0x1c CMakeFiles/My_FlyBack.elf.dir/User/Src/OLED.c.obj
                0x08003794                OLED_I2C_Init
 .text.OLED_I2C_Start
                0x080037b0       0x30 CMakeFiles/My_FlyBack.elf.dir/User/Src/OLED.c.obj
                0x080037b0                OLED_I2C_Start
 .text.OLED_I2C_Stop
                0x080037e0       0x28 CMakeFiles/My_FlyBack.elf.dir/User/Src/OLED.c.obj
                0x080037e0                OLED_I2C_Stop
 .text.OLED_I2C_SendByte
                0x08003808       0x40 CMakeFiles/My_FlyBack.elf.dir/User/Src/OLED.c.obj
                0x08003808                OLED_I2C_SendByte
 .text.OLED_WriteCommand
                0x08003848       0x20 CMakeFiles/My_FlyBack.elf.dir/User/Src/OLED.c.obj
                0x08003848                OLED_WriteCommand
 .text.OLED_WriteData
                0x08003868       0x20 CMakeFiles/My_FlyBack.elf.dir/User/Src/OLED.c.obj
                0x08003868                OLED_WriteData
 .text.OLED_SetCursor
                0x08003888       0x20 CMakeFiles/My_FlyBack.elf.dir/User/Src/OLED.c.obj
                0x08003888                OLED_SetCursor
 .text.OLED_Clear
                0x080038a8       0x2c CMakeFiles/My_FlyBack.elf.dir/User/Src/OLED.c.obj
                0x080038a8                OLED_Clear
 .text.OLED_ShowChar
                0x080038d4       0x64 CMakeFiles/My_FlyBack.elf.dir/User/Src/OLED.c.obj
                0x080038d4                OLED_ShowChar
 .text.OLED_ShowString
                0x08003938       0x22 CMakeFiles/My_FlyBack.elf.dir/User/Src/OLED.c.obj
                0x08003938                OLED_ShowString
 .text.OLED_Init
                0x0800395a       0xae CMakeFiles/My_FlyBack.elf.dir/User/Src/OLED.c.obj
                0x0800395a                OLED_Init
 .text.Uart_RxPackage_Init
                0x08003a08       0x28 CMakeFiles/My_FlyBack.elf.dir/User/Src/Uart_RxPackgae.c.obj
                0x08003a08                Uart_RxPackage_Init
 .text.Uart_PackageStart
                0x08003a30       0x18 CMakeFiles/My_FlyBack.elf.dir/User/Src/Uart_RxPackgae.c.obj
                0x08003a30                Uart_PackageStart
 .text.Uart_DoTask
                0x08003a48       0x28 CMakeFiles/My_FlyBack.elf.dir/User/Src/Uart_RxPackgae.c.obj
                0x08003a48                Uart_DoTask
 .text.RetargetInit
                0x08003a70       0x20 CMakeFiles/My_FlyBack.elf.dir/User/Src/retarget.c.obj
                0x08003a70                RetargetInit
 .text._isatty  0x08003a90       0x16 CMakeFiles/My_FlyBack.elf.dir/User/Src/retarget.c.obj
                0x08003a90                _isatty
 *fill*         0x08003aa6        0x2 
 .text._write   0x08003aa8       0x34 CMakeFiles/My_FlyBack.elf.dir/User/Src/retarget.c.obj
                0x08003aa8                _write
 .text._lseek   0x08003adc       0x10 CMakeFiles/My_FlyBack.elf.dir/User/Src/retarget.c.obj
                0x08003adc                _lseek
 .text._read    0x08003aec       0x30 CMakeFiles/My_FlyBack.elf.dir/User/Src/retarget.c.obj
                0x08003aec                _read
 .text._fstat   0x08003b1c       0x1a CMakeFiles/My_FlyBack.elf.dir/User/Src/retarget.c.obj
                0x08003b1c                _fstat
 *fill*         0x08003b36        0x2 
 .text.Reset_Handler
                0x08003b38       0x48 CMakeFiles/My_FlyBack.elf.dir/startup/startup_stm32f103xb.s.obj
                0x08003b38                Reset_Handler
 .text.Default_Handler
                0x08003b80        0x2 CMakeFiles/My_FlyBack.elf.dir/startup/startup_stm32f103xb.s.obj
                0x08003b80                RTC_Alarm_IRQHandler
                0x08003b80                EXTI2_IRQHandler
                0x08003b80                TIM1_CC_IRQHandler
                0x08003b80                PVD_IRQHandler
                0x08003b80                EXTI3_IRQHandler
                0x08003b80                EXTI0_IRQHandler
                0x08003b80                I2C2_EV_IRQHandler
                0x08003b80                ADC1_2_IRQHandler
                0x08003b80                SPI1_IRQHandler
                0x08003b80                TAMPER_IRQHandler
                0x08003b80                DMA1_Channel4_IRQHandler
                0x08003b80                USART3_IRQHandler
                0x08003b80                RTC_IRQHandler
                0x08003b80                CAN1_RX1_IRQHandler
                0x08003b80                TIM4_IRQHandler
                0x08003b80                I2C1_EV_IRQHandler
                0x08003b80                TIM3_IRQHandler
                0x08003b80                RCC_IRQHandler
                0x08003b80                TIM1_TRG_COM_IRQHandler
                0x08003b80                DMA1_Channel1_IRQHandler
                0x08003b80                Default_Handler
                0x08003b80                EXTI15_10_IRQHandler
                0x08003b80                EXTI9_5_IRQHandler
                0x08003b80                SPI2_IRQHandler
                0x08003b80                DMA1_Channel5_IRQHandler
                0x08003b80                EXTI4_IRQHandler
                0x08003b80                USB_LP_CAN1_RX0_IRQHandler
                0x08003b80                USB_HP_CAN1_TX_IRQHandler
                0x08003b80                DMA1_Channel3_IRQHandler
                0x08003b80                TIM1_UP_IRQHandler
                0x08003b80                WWDG_IRQHandler
                0x08003b80                TIM1_BRK_IRQHandler
                0x08003b80                EXTI1_IRQHandler
                0x08003b80                I2C2_ER_IRQHandler
                0x08003b80                DMA1_Channel2_IRQHandler
                0x08003b80                CAN1_SCE_IRQHandler
                0x08003b80                FLASH_IRQHandler
                0x08003b80                USART1_IRQHandler
                0x08003b80                I2C1_ER_IRQHandler
                0x08003b80                USBWakeUp_IRQHandler
 *fill*         0x08003b82        0x2 
 .text.__errno  0x08003b84        0xc d:/a_userdownload/clion2cubemx_tool/gcc-arm-none-eabi-10.3-2021.10-win32/gcc-arm-none-eabi-10.3-2021.10/bin/../lib/gcc/arm-none-eabi/10.3.1/../../../../arm-none-eabi/lib/thumb/v7-m/nofp\libg.a(lib_a-errno.o)
                0x08003b84                __errno
 .text.__libc_init_array
                0x08003b90       0x48 d:/a_userdownload/clion2cubemx_tool/gcc-arm-none-eabi-10.3-2021.10-win32/gcc-arm-none-eabi-10.3-2021.10/bin/../lib/gcc/arm-none-eabi/10.3.1/../../../../arm-none-eabi/lib/thumb/v7-m/nofp\libg.a(lib_a-init.o)
                0x08003b90                __libc_init_array
 .text.itoa     0x08003bd8       0x30 d:/a_userdownload/clion2cubemx_tool/gcc-arm-none-eabi-10.3-2021.10-win32/gcc-arm-none-eabi-10.3-2021.10/bin/../lib/gcc/arm-none-eabi/10.3.1/../../../../arm-none-eabi/lib/thumb/v7-m/nofp\libg.a(lib_a-itoa.o)
                0x08003bd8                itoa
 .text.malloc   0x08003c08       0x10 d:/a_userdownload/clion2cubemx_tool/gcc-arm-none-eabi-10.3-2021.10-win32/gcc-arm-none-eabi-10.3-2021.10/bin/../lib/gcc/arm-none-eabi/10.3.1/../../../../arm-none-eabi/lib/thumb/v7-m/nofp\libg.a(lib_a-malloc.o)
                0x08003c08                malloc
 .text._malloc_r
                0x08003c18      0x558 d:/a_userdownload/clion2cubemx_tool/gcc-arm-none-eabi-10.3-2021.10-win32/gcc-arm-none-eabi-10.3-2021.10/bin/../lib/gcc/arm-none-eabi/10.3.1/../../../../arm-none-eabi/lib/thumb/v7-m/nofp\libg.a(lib_a-mallocr.o)
                0x08003c18                _malloc_r
 .text.memset   0x08004170       0xa4 d:/a_userdownload/clion2cubemx_tool/gcc-arm-none-eabi-10.3-2021.10-win32/gcc-arm-none-eabi-10.3-2021.10/bin/../lib/gcc/arm-none-eabi/10.3.1/../../../../arm-none-eabi/lib/thumb/v7-m/nofp\libg.a(lib_a-memset.o)
                0x08004170                memset
 .text.__malloc_lock
                0x08004214        0xc d:/a_userdownload/clion2cubemx_tool/gcc-arm-none-eabi-10.3-2021.10-win32/gcc-arm-none-eabi-10.3-2021.10/bin/../lib/gcc/arm-none-eabi/10.3.1/../../../../arm-none-eabi/lib/thumb/v7-m/nofp\libg.a(lib_a-mlock.o)
                0x08004214                __malloc_lock
 .text.__malloc_unlock
                0x08004220        0xc d:/a_userdownload/clion2cubemx_tool/gcc-arm-none-eabi-10.3-2021.10-win32/gcc-arm-none-eabi-10.3-2021.10/bin/../lib/gcc/arm-none-eabi/10.3.1/../../../../arm-none-eabi/lib/thumb/v7-m/nofp\libg.a(lib_a-mlock.o)
                0x08004220                __malloc_unlock
 .text._sbrk_r  0x0800422c       0x24 d:/a_userdownload/clion2cubemx_tool/gcc-arm-none-eabi-10.3-2021.10-win32/gcc-arm-none-eabi-10.3-2021.10/bin/../lib/gcc/arm-none-eabi/10.3.1/../../../../arm-none-eabi/lib/thumb/v7-m/nofp\libg.a(lib_a-sbrkr.o)
                0x0800422c                _sbrk_r
 .text.setvbuf  0x08004250      0x1b0 d:/a_userdownload/clion2cubemx_tool/gcc-arm-none-eabi-10.3-2021.10-win32/gcc-arm-none-eabi-10.3-2021.10/bin/../lib/gcc/arm-none-eabi/10.3.1/../../../../arm-none-eabi/lib/thumb/v7-m/nofp\libg.a(lib_a-setvbuf.o)
                0x08004250                setvbuf
 .text.sprintf  0x08004400       0x44 d:/a_userdownload/clion2cubemx_tool/gcc-arm-none-eabi-10.3-2021.10-win32/gcc-arm-none-eabi-10.3-2021.10/bin/../lib/gcc/arm-none-eabi/10.3.1/../../../../arm-none-eabi/lib/thumb/v7-m/nofp\libg.a(lib_a-sprintf.o)
                0x08004400                sprintf
 .text._svfprintf_r
                0x08004444     0x1aa4 d:/a_userdownload/clion2cubemx_tool/gcc-arm-none-eabi-10.3-2021.10-win32/gcc-arm-none-eabi-10.3-2021.10/bin/../lib/gcc/arm-none-eabi/10.3.1/../../../../arm-none-eabi/lib/thumb/v7-m/nofp\libg.a(lib_a-svfprintf.o)
                0x08004444                _svfprintf_r
 .text.__utoa   0x08005ee8       0x9c d:/a_userdownload/clion2cubemx_tool/gcc-arm-none-eabi-10.3-2021.10-win32/gcc-arm-none-eabi-10.3-2021.10/bin/../lib/gcc/arm-none-eabi/10.3.1/../../../../arm-none-eabi/lib/thumb/v7-m/nofp\libg.a(lib_a-utoa.o)
                0x08005ee8                __utoa
 .text.__swsetup_r
                0x08005f84       0xd4 d:/a_userdownload/clion2cubemx_tool/gcc-arm-none-eabi-10.3-2021.10-win32/gcc-arm-none-eabi-10.3-2021.10/bin/../lib/gcc/arm-none-eabi/10.3.1/../../../../arm-none-eabi/lib/thumb/v7-m/nofp\libg.a(lib_a-wsetup.o)
                0x08005f84                __swsetup_r
 .text.startup.register_fini
                0x08006058       0x14 d:/a_userdownload/clion2cubemx_tool/gcc-arm-none-eabi-10.3-2021.10-win32/gcc-arm-none-eabi-10.3-2021.10/bin/../lib/gcc/arm-none-eabi/10.3.1/../../../../arm-none-eabi/lib/thumb/v7-m/nofp\libg.a(lib_a-__call_atexit.o)
 .text.atexit   0x0800606c        0xc d:/a_userdownload/clion2cubemx_tool/gcc-arm-none-eabi-10.3-2021.10-win32/gcc-arm-none-eabi-10.3-2021.10/bin/../lib/gcc/arm-none-eabi/10.3.1/../../../../arm-none-eabi/lib/thumb/v7-m/nofp\libg.a(lib_a-atexit.o)
                0x0800606c                atexit
 .text.quorem   0x08006078      0x12c d:/a_userdownload/clion2cubemx_tool/gcc-arm-none-eabi-10.3-2021.10-win32/gcc-arm-none-eabi-10.3-2021.10/bin/../lib/gcc/arm-none-eabi/10.3.1/../../../../arm-none-eabi/lib/thumb/v7-m/nofp\libg.a(lib_a-dtoa.o)
 *fill*         0x080061a4        0x4 
 .text._dtoa_r  0x080061a8      0xecc d:/a_userdownload/clion2cubemx_tool/gcc-arm-none-eabi-10.3-2021.10-win32/gcc-arm-none-eabi-10.3-2021.10/bin/../lib/gcc/arm-none-eabi/10.3.1/../../../../arm-none-eabi/lib/thumb/v7-m/nofp\libg.a(lib_a-dtoa.o)
                0x080061a8                _dtoa_r
 .text.__sflush_r
                0x08007074      0x124 d:/a_userdownload/clion2cubemx_tool/gcc-arm-none-eabi-10.3-2021.10-win32/gcc-arm-none-eabi-10.3-2021.10/bin/../lib/gcc/arm-none-eabi/10.3.1/../../../../arm-none-eabi/lib/thumb/v7-m/nofp\libg.a(lib_a-fflush.o)
                0x08007074                __sflush_r
 .text._fflush_r
                0x08007198       0x5c d:/a_userdownload/clion2cubemx_tool/gcc-arm-none-eabi-10.3-2021.10-win32/gcc-arm-none-eabi-10.3-2021.10/bin/../lib/gcc/arm-none-eabi/10.3.1/../../../../arm-none-eabi/lib/thumb/v7-m/nofp\libg.a(lib_a-fflush.o)
                0x08007198                _fflush_r
 .text._cleanup_r
                0x080071f4        0xc d:/a_userdownload/clion2cubemx_tool/gcc-arm-none-eabi-10.3-2021.10-win32/gcc-arm-none-eabi-10.3-2021.10/bin/../lib/gcc/arm-none-eabi/10.3.1/../../../../arm-none-eabi/lib/thumb/v7-m/nofp\libg.a(lib_a-findfp.o)
                0x080071f4                _cleanup_r
 .text.__sinit  0x08007200      0x10c d:/a_userdownload/clion2cubemx_tool/gcc-arm-none-eabi-10.3-2021.10-win32/gcc-arm-none-eabi-10.3-2021.10/bin/../lib/gcc/arm-none-eabi/10.3.1/../../../../arm-none-eabi/lib/thumb/v7-m/nofp\libg.a(lib_a-findfp.o)
                0x08007200                __sinit
 .text.__sfp_lock_acquire
                0x0800730c        0xc d:/a_userdownload/clion2cubemx_tool/gcc-arm-none-eabi-10.3-2021.10-win32/gcc-arm-none-eabi-10.3-2021.10/bin/../lib/gcc/arm-none-eabi/10.3.1/../../../../arm-none-eabi/lib/thumb/v7-m/nofp\libg.a(lib_a-findfp.o)
                0x0800730c                __sfp_lock_acquire
 .text.__sfp_lock_release
                0x08007318        0xc d:/a_userdownload/clion2cubemx_tool/gcc-arm-none-eabi-10.3-2021.10-win32/gcc-arm-none-eabi-10.3-2021.10/bin/../lib/gcc/arm-none-eabi/10.3.1/../../../../arm-none-eabi/lib/thumb/v7-m/nofp\libg.a(lib_a-findfp.o)
                0x08007318                __sfp_lock_release
 .text.__libc_fini_array
                0x08007324       0x2c d:/a_userdownload/clion2cubemx_tool/gcc-arm-none-eabi-10.3-2021.10-win32/gcc-arm-none-eabi-10.3-2021.10/bin/../lib/gcc/arm-none-eabi/10.3.1/../../../../arm-none-eabi/lib/thumb/v7-m/nofp\libg.a(lib_a-fini.o)
                0x08007324                __libc_fini_array
 .text._malloc_trim_r
                0x08007350       0xa0 d:/a_userdownload/clion2cubemx_tool/gcc-arm-none-eabi-10.3-2021.10-win32/gcc-arm-none-eabi-10.3-2021.10/bin/../lib/gcc/arm-none-eabi/10.3.1/../../../../arm-none-eabi/lib/thumb/v7-m/nofp\libg.a(lib_a-freer.o)
                0x08007350                _malloc_trim_r
 .text._free_r  0x080073f0      0x200 d:/a_userdownload/clion2cubemx_tool/gcc-arm-none-eabi-10.3-2021.10-win32/gcc-arm-none-eabi-10.3-2021.10/bin/../lib/gcc/arm-none-eabi/10.3.1/../../../../arm-none-eabi/lib/thumb/v7-m/nofp\libg.a(lib_a-freer.o)
                0x080073f0                _free_r
 .text._fwalk_reent
                0x080075f0       0x48 d:/a_userdownload/clion2cubemx_tool/gcc-arm-none-eabi-10.3-2021.10-win32/gcc-arm-none-eabi-10.3-2021.10/bin/../lib/gcc/arm-none-eabi/10.3.1/../../../../arm-none-eabi/lib/thumb/v7-m/nofp\libg.a(lib_a-fwalk.o)
                0x080075f0                _fwalk_reent
 .text._localeconv_r
                0x08007638        0x8 d:/a_userdownload/clion2cubemx_tool/gcc-arm-none-eabi-10.3-2021.10-win32/gcc-arm-none-eabi-10.3-2021.10/bin/../lib/gcc/arm-none-eabi/10.3.1/../../../../arm-none-eabi/lib/thumb/v7-m/nofp\libg.a(lib_a-localeconv.o)
                0x08007638                _localeconv_r
 .text.__retarget_lock_init_recursive
                0x08007640        0x4 d:/a_userdownload/clion2cubemx_tool/gcc-arm-none-eabi-10.3-2021.10-win32/gcc-arm-none-eabi-10.3-2021.10/bin/../lib/gcc/arm-none-eabi/10.3.1/../../../../arm-none-eabi/lib/thumb/v7-m/nofp\libg.a(lib_a-lock.o)
                0x08007640                __retarget_lock_init_recursive
 .text.__retarget_lock_close_recursive
                0x08007644        0x4 d:/a_userdownload/clion2cubemx_tool/gcc-arm-none-eabi-10.3-2021.10-win32/gcc-arm-none-eabi-10.3-2021.10/bin/../lib/gcc/arm-none-eabi/10.3.1/../../../../arm-none-eabi/lib/thumb/v7-m/nofp\libg.a(lib_a-lock.o)
                0x08007644                __retarget_lock_close_recursive
 .text.__retarget_lock_acquire_recursive
                0x08007648        0x4 d:/a_userdownload/clion2cubemx_tool/gcc-arm-none-eabi-10.3-2021.10-win32/gcc-arm-none-eabi-10.3-2021.10/bin/../lib/gcc/arm-none-eabi/10.3.1/../../../../arm-none-eabi/lib/thumb/v7-m/nofp\libg.a(lib_a-lock.o)
                0x08007648                __retarget_lock_acquire_recursive
 .text.__retarget_lock_release_recursive
                0x0800764c        0x4 d:/a_userdownload/clion2cubemx_tool/gcc-arm-none-eabi-10.3-2021.10-win32/gcc-arm-none-eabi-10.3-2021.10/bin/../lib/gcc/arm-none-eabi/10.3.1/../../../../arm-none-eabi/lib/thumb/v7-m/nofp\libg.a(lib_a-lock.o)
                0x0800764c                __retarget_lock_release_recursive
 .text.__smakebuf_r
                0x08007650       0xe0 d:/a_userdownload/clion2cubemx_tool/gcc-arm-none-eabi-10.3-2021.10-win32/gcc-arm-none-eabi-10.3-2021.10/bin/../lib/gcc/arm-none-eabi/10.3.1/../../../../arm-none-eabi/lib/thumb/v7-m/nofp\libg.a(lib_a-makebuf.o)
                0x08007650                __smakebuf_r
 .text.__swhatbuf_r
                0x08007730       0x60 d:/a_userdownload/clion2cubemx_tool/gcc-arm-none-eabi-10.3-2021.10-win32/gcc-arm-none-eabi-10.3-2021.10/bin/../lib/gcc/arm-none-eabi/10.3.1/../../../../arm-none-eabi/lib/thumb/v7-m/nofp\libg.a(lib_a-makebuf.o)
                0x08007730                __swhatbuf_r
 .text.memchr   0x08007790       0x90 d:/a_userdownload/clion2cubemx_tool/gcc-arm-none-eabi-10.3-2021.10-win32/gcc-arm-none-eabi-10.3-2021.10/bin/../lib/gcc/arm-none-eabi/10.3.1/../../../../arm-none-eabi/lib/thumb/v7-m/nofp\libg.a(lib_a-memchr-stub.o)
                0x08007790                memchr
 .text._Balloc  0x08007820       0x4c d:/a_userdownload/clion2cubemx_tool/gcc-arm-none-eabi-10.3-2021.10-win32/gcc-arm-none-eabi-10.3-2021.10/bin/../lib/gcc/arm-none-eabi/10.3.1/../../../../arm-none-eabi/lib/thumb/v7-m/nofp\libg.a(lib_a-mprec.o)
                0x08007820                _Balloc
 .text._Bfree   0x0800786c       0x14 d:/a_userdownload/clion2cubemx_tool/gcc-arm-none-eabi-10.3-2021.10-win32/gcc-arm-none-eabi-10.3-2021.10/bin/../lib/gcc/arm-none-eabi/10.3.1/../../../../arm-none-eabi/lib/thumb/v7-m/nofp\libg.a(lib_a-mprec.o)
                0x0800786c                _Bfree
 .text.__multadd
                0x08007880       0xa4 d:/a_userdownload/clion2cubemx_tool/gcc-arm-none-eabi-10.3-2021.10-win32/gcc-arm-none-eabi-10.3-2021.10/bin/../lib/gcc/arm-none-eabi/10.3.1/../../../../arm-none-eabi/lib/thumb/v7-m/nofp\libg.a(lib_a-mprec.o)
                0x08007880                __multadd
 .text.__hi0bits
                0x08007924       0x40 d:/a_userdownload/clion2cubemx_tool/gcc-arm-none-eabi-10.3-2021.10-win32/gcc-arm-none-eabi-10.3-2021.10/bin/../lib/gcc/arm-none-eabi/10.3.1/../../../../arm-none-eabi/lib/thumb/v7-m/nofp\libg.a(lib_a-mprec.o)
                0x08007924                __hi0bits
 .text.__lo0bits
                0x08007964       0x58 d:/a_userdownload/clion2cubemx_tool/gcc-arm-none-eabi-10.3-2021.10-win32/gcc-arm-none-eabi-10.3-2021.10/bin/../lib/gcc/arm-none-eabi/10.3.1/../../../../arm-none-eabi/lib/thumb/v7-m/nofp\libg.a(lib_a-mprec.o)
                0x08007964                __lo0bits
 .text.__i2b    0x080079bc       0x5c d:/a_userdownload/clion2cubemx_tool/gcc-arm-none-eabi-10.3-2021.10-win32/gcc-arm-none-eabi-10.3-2021.10/bin/../lib/gcc/arm-none-eabi/10.3.1/../../../../arm-none-eabi/lib/thumb/v7-m/nofp\libg.a(lib_a-mprec.o)
                0x080079bc                __i2b
 .text.__multiply
                0x08007a18      0x15c d:/a_userdownload/clion2cubemx_tool/gcc-arm-none-eabi-10.3-2021.10-win32/gcc-arm-none-eabi-10.3-2021.10/bin/../lib/gcc/arm-none-eabi/10.3.1/../../../../arm-none-eabi/lib/thumb/v7-m/nofp\libg.a(lib_a-mprec.o)
                0x08007a18                __multiply
 .text.__pow5mult
                0x08007b74       0xb8 d:/a_userdownload/clion2cubemx_tool/gcc-arm-none-eabi-10.3-2021.10-win32/gcc-arm-none-eabi-10.3-2021.10/bin/../lib/gcc/arm-none-eabi/10.3.1/../../../../arm-none-eabi/lib/thumb/v7-m/nofp\libg.a(lib_a-mprec.o)
                0x08007b74                __pow5mult
 .text.__lshift
                0x08007c2c       0xec d:/a_userdownload/clion2cubemx_tool/gcc-arm-none-eabi-10.3-2021.10-win32/gcc-arm-none-eabi-10.3-2021.10/bin/../lib/gcc/arm-none-eabi/10.3.1/../../../../arm-none-eabi/lib/thumb/v7-m/nofp\libg.a(lib_a-mprec.o)
                0x08007c2c                __lshift
 .text.__mcmp   0x08007d18       0x40 d:/a_userdownload/clion2cubemx_tool/gcc-arm-none-eabi-10.3-2021.10-win32/gcc-arm-none-eabi-10.3-2021.10/bin/../lib/gcc/arm-none-eabi/10.3.1/../../../../arm-none-eabi/lib/thumb/v7-m/nofp\libg.a(lib_a-mprec.o)
                0x08007d18                __mcmp
 .text.__mdiff  0x08007d58      0x14c d:/a_userdownload/clion2cubemx_tool/gcc-arm-none-eabi-10.3-2021.10-win32/gcc-arm-none-eabi-10.3-2021.10/bin/../lib/gcc/arm-none-eabi/10.3.1/../../../../arm-none-eabi/lib/thumb/v7-m/nofp\libg.a(lib_a-mprec.o)
                0x08007d58                __mdiff
 .text.__d2b    0x08007ea4       0xc4 d:/a_userdownload/clion2cubemx_tool/gcc-arm-none-eabi-10.3-2021.10-win32/gcc-arm-none-eabi-10.3-2021.10/bin/../lib/gcc/arm-none-eabi/10.3.1/../../../../arm-none-eabi/lib/thumb/v7-m/nofp\libg.a(lib_a-mprec.o)
                0x08007ea4                __d2b
 .text.frexp    0x08007f68       0x70 d:/a_userdownload/clion2cubemx_tool/gcc-arm-none-eabi-10.3-2021.10-win32/gcc-arm-none-eabi-10.3-2021.10/bin/../lib/gcc/arm-none-eabi/10.3.1/../../../../arm-none-eabi/lib/thumb/v7-m/nofp\libg.a(lib_a-s_frexp.o)
                0x08007f68                frexp
 .text.__sread  0x08007fd8       0x24 d:/a_userdownload/clion2cubemx_tool/gcc-arm-none-eabi-10.3-2021.10-win32/gcc-arm-none-eabi-10.3-2021.10/bin/../lib/gcc/arm-none-eabi/10.3.1/../../../../arm-none-eabi/lib/thumb/v7-m/nofp\libg.a(lib_a-stdio.o)
                0x08007fd8                __sread
 .text.__swrite
                0x08007ffc       0x40 d:/a_userdownload/clion2cubemx_tool/gcc-arm-none-eabi-10.3-2021.10-win32/gcc-arm-none-eabi-10.3-2021.10/bin/../lib/gcc/arm-none-eabi/10.3.1/../../../../arm-none-eabi/lib/thumb/v7-m/nofp\libg.a(lib_a-stdio.o)
                0x08007ffc                __swrite
 .text.__sseek  0x0800803c       0x20 d:/a_userdownload/clion2cubemx_tool/gcc-arm-none-eabi-10.3-2021.10-win32/gcc-arm-none-eabi-10.3-2021.10/bin/../lib/gcc/arm-none-eabi/10.3.1/../../../../arm-none-eabi/lib/thumb/v7-m/nofp\libg.a(lib_a-stdio.o)
                0x0800803c                __sseek
 .text.__sclose
                0x0800805c        0x8 d:/a_userdownload/clion2cubemx_tool/gcc-arm-none-eabi-10.3-2021.10-win32/gcc-arm-none-eabi-10.3-2021.10/bin/../lib/gcc/arm-none-eabi/10.3.1/../../../../arm-none-eabi/lib/thumb/v7-m/nofp\libg.a(lib_a-stdio.o)
                0x0800805c                __sclose
 .text.strlen   0x08008064       0x5c d:/a_userdownload/clion2cubemx_tool/gcc-arm-none-eabi-10.3-2021.10-win32/gcc-arm-none-eabi-10.3-2021.10/bin/../lib/gcc/arm-none-eabi/10.3.1/../../../../arm-none-eabi/lib/thumb/v7-m/nofp\libg.a(lib_a-strlen-stub.o)
                0x08008064                strlen
 .text.strncpy  0x080080c0       0x68 d:/a_userdownload/clion2cubemx_tool/gcc-arm-none-eabi-10.3-2021.10-win32/gcc-arm-none-eabi-10.3-2021.10/bin/../lib/gcc/arm-none-eabi/10.3.1/../../../../arm-none-eabi/lib/thumb/v7-m/nofp\libg.a(lib_a-strncpy.o)
                0x080080c0                strncpy
 .text.__ssprint_r
                0x08008128       0xfc d:/a_userdownload/clion2cubemx_tool/gcc-arm-none-eabi-10.3-2021.10-win32/gcc-arm-none-eabi-10.3-2021.10/bin/../lib/gcc/arm-none-eabi/10.3.1/../../../../arm-none-eabi/lib/thumb/v7-m/nofp\libg.a(lib_a-svfiprintf.o)
                0x08008128                __ssprint_r
 .text.__sprint_r.part.0
                0x08008224       0x78 d:/a_userdownload/clion2cubemx_tool/gcc-arm-none-eabi-10.3-2021.10-win32/gcc-arm-none-eabi-10.3-2021.10/bin/../lib/gcc/arm-none-eabi/10.3.1/../../../../arm-none-eabi/lib/thumb/v7-m/nofp\libg.a(lib_a-vfiprintf.o)
 .text._vfiprintf_r
                0x0800829c      0xd98 d:/a_userdownload/clion2cubemx_tool/gcc-arm-none-eabi-10.3-2021.10-win32/gcc-arm-none-eabi-10.3-2021.10/bin/../lib/gcc/arm-none-eabi/10.3.1/../../../../arm-none-eabi/lib/thumb/v7-m/nofp\libg.a(lib_a-vfiprintf.o)
                0x0800829c                _vfiprintf_r
 .text.__sbprintf
                0x08009034       0x84 d:/a_userdownload/clion2cubemx_tool/gcc-arm-none-eabi-10.3-2021.10-win32/gcc-arm-none-eabi-10.3-2021.10/bin/../lib/gcc/arm-none-eabi/10.3.1/../../../../arm-none-eabi/lib/thumb/v7-m/nofp\libg.a(lib_a-vfiprintf.o)
 .text._write_r
                0x080090b8       0x2c d:/a_userdownload/clion2cubemx_tool/gcc-arm-none-eabi-10.3-2021.10-win32/gcc-arm-none-eabi-10.3-2021.10/bin/../lib/gcc/arm-none-eabi/10.3.1/../../../../arm-none-eabi/lib/thumb/v7-m/nofp\libg.a(lib_a-writer.o)
                0x080090b8                _write_r
 .text.__register_exitproc
                0x080090e4       0x8c d:/a_userdownload/clion2cubemx_tool/gcc-arm-none-eabi-10.3-2021.10-win32/gcc-arm-none-eabi-10.3-2021.10/bin/../lib/gcc/arm-none-eabi/10.3.1/../../../../arm-none-eabi/lib/thumb/v7-m/nofp\libg.a(lib_a-__atexit.o)
                0x080090e4                __register_exitproc
 .text.__assert_func
                0x08009170       0x40 d:/a_userdownload/clion2cubemx_tool/gcc-arm-none-eabi-10.3-2021.10-win32/gcc-arm-none-eabi-10.3-2021.10/bin/../lib/gcc/arm-none-eabi/10.3.1/../../../../arm-none-eabi/lib/thumb/v7-m/nofp\libg.a(lib_a-assert.o)
                0x08009170                __assert_func
 .text._calloc_r
                0x080091b0       0x78 d:/a_userdownload/clion2cubemx_tool/gcc-arm-none-eabi-10.3-2021.10-win32/gcc-arm-none-eabi-10.3-2021.10/bin/../lib/gcc/arm-none-eabi/10.3.1/../../../../arm-none-eabi/lib/thumb/v7-m/nofp\libg.a(lib_a-callocr.o)
                0x080091b0                _calloc_r
 .text._close_r
                0x08009228       0x24 d:/a_userdownload/clion2cubemx_tool/gcc-arm-none-eabi-10.3-2021.10-win32/gcc-arm-none-eabi-10.3-2021.10/bin/../lib/gcc/arm-none-eabi/10.3.1/../../../../arm-none-eabi/lib/thumb/v7-m/nofp\libg.a(lib_a-closer.o)
                0x08009228                _close_r
 .text._fclose_r
                0x0800924c       0xcc d:/a_userdownload/clion2cubemx_tool/gcc-arm-none-eabi-10.3-2021.10-win32/gcc-arm-none-eabi-10.3-2021.10/bin/../lib/gcc/arm-none-eabi/10.3.1/../../../../arm-none-eabi/lib/thumb/v7-m/nofp\libg.a(lib_a-fclose.o)
                0x0800924c                _fclose_r
 .text.fiprintf
                0x08009318       0x28 d:/a_userdownload/clion2cubemx_tool/gcc-arm-none-eabi-10.3-2021.10-win32/gcc-arm-none-eabi-10.3-2021.10/bin/../lib/gcc/arm-none-eabi/10.3.1/../../../../arm-none-eabi/lib/thumb/v7-m/nofp\libg.a(lib_a-fiprintf.o)
                0x08009318                fiprintf
 .text.__fputwc
                0x08009340       0xa0 d:/a_userdownload/clion2cubemx_tool/gcc-arm-none-eabi-10.3-2021.10-win32/gcc-arm-none-eabi-10.3-2021.10/bin/../lib/gcc/arm-none-eabi/10.3.1/../../../../arm-none-eabi/lib/thumb/v7-m/nofp\libg.a(lib_a-fputwc.o)
                0x08009340                __fputwc
 .text._fputwc_r
                0x080093e0       0x68 d:/a_userdownload/clion2cubemx_tool/gcc-arm-none-eabi-10.3-2021.10-win32/gcc-arm-none-eabi-10.3-2021.10/bin/../lib/gcc/arm-none-eabi/10.3.1/../../../../arm-none-eabi/lib/thumb/v7-m/nofp\libg.a(lib_a-fputwc.o)
                0x080093e0                _fputwc_r
 .text._fstat_r
                0x08009448       0x28 d:/a_userdownload/clion2cubemx_tool/gcc-arm-none-eabi-10.3-2021.10-win32/gcc-arm-none-eabi-10.3-2021.10/bin/../lib/gcc/arm-none-eabi/10.3.1/../../../../arm-none-eabi/lib/thumb/v7-m/nofp\libg.a(lib_a-fstatr.o)
                0x08009448                _fstat_r
 .text.__sfvwrite_r
                0x08009470      0x2f0 d:/a_userdownload/clion2cubemx_tool/gcc-arm-none-eabi-10.3-2021.10-win32/gcc-arm-none-eabi-10.3-2021.10/bin/../lib/gcc/arm-none-eabi/10.3.1/../../../../arm-none-eabi/lib/thumb/v7-m/nofp\libg.a(lib_a-fvwrite.o)
                0x08009470                __sfvwrite_r
 .text._isatty_r
                0x08009760       0x24 d:/a_userdownload/clion2cubemx_tool/gcc-arm-none-eabi-10.3-2021.10-win32/gcc-arm-none-eabi-10.3-2021.10/bin/../lib/gcc/arm-none-eabi/10.3.1/../../../../arm-none-eabi/lib/thumb/v7-m/nofp\libg.a(lib_a-isattyr.o)
                0x08009760                _isatty_r
 .text.__locale_mb_cur_max
                0x08009784        0xc d:/a_userdownload/clion2cubemx_tool/gcc-arm-none-eabi-10.3-2021.10-win32/gcc-arm-none-eabi-10.3-2021.10/bin/../lib/gcc/arm-none-eabi/10.3.1/../../../../arm-none-eabi/lib/thumb/v7-m/nofp\libg.a(lib_a-locale.o)
                0x08009784                __locale_mb_cur_max
 .text._lseek_r
                0x08009790       0x2c d:/a_userdownload/clion2cubemx_tool/gcc-arm-none-eabi-10.3-2021.10-win32/gcc-arm-none-eabi-10.3-2021.10/bin/../lib/gcc/arm-none-eabi/10.3.1/../../../../arm-none-eabi/lib/thumb/v7-m/nofp\libg.a(lib_a-lseekr.o)
                0x08009790                _lseek_r
 .text.__ascii_mbtowc
                0x080097bc       0x2c d:/a_userdownload/clion2cubemx_tool/gcc-arm-none-eabi-10.3-2021.10-win32/gcc-arm-none-eabi-10.3-2021.10/bin/../lib/gcc/arm-none-eabi/10.3.1/../../../../arm-none-eabi/lib/thumb/v7-m/nofp\libg.a(lib_a-mbtowc_r.o)
                0x080097bc                __ascii_mbtowc
 .text.memmove  0x080097e8       0xf8 d:/a_userdownload/clion2cubemx_tool/gcc-arm-none-eabi-10.3-2021.10-win32/gcc-arm-none-eabi-10.3-2021.10/bin/../lib/gcc/arm-none-eabi/10.3.1/../../../../arm-none-eabi/lib/thumb/v7-m/nofp\libg.a(lib_a-memmove.o)
                0x080097e8                memmove
 .text._read_r  0x080098e0       0x2c d:/a_userdownload/clion2cubemx_tool/gcc-arm-none-eabi-10.3-2021.10-win32/gcc-arm-none-eabi-10.3-2021.10/bin/../lib/gcc/arm-none-eabi/10.3.1/../../../../arm-none-eabi/lib/thumb/v7-m/nofp\libg.a(lib_a-readr.o)
                0x080098e0                _read_r
 .text._realloc_r
                0x0800990c      0x3dc d:/a_userdownload/clion2cubemx_tool/gcc-arm-none-eabi-10.3-2021.10-win32/gcc-arm-none-eabi-10.3-2021.10/bin/../lib/gcc/arm-none-eabi/10.3.1/../../../../arm-none-eabi/lib/thumb/v7-m/nofp\libg.a(lib_a-reallocr.o)
                0x0800990c                _realloc_r
 .text.__swbuf_r
                0x08009ce8       0xb0 d:/a_userdownload/clion2cubemx_tool/gcc-arm-none-eabi-10.3-2021.10-win32/gcc-arm-none-eabi-10.3-2021.10/bin/../lib/gcc/arm-none-eabi/10.3.1/../../../../arm-none-eabi/lib/thumb/v7-m/nofp\libg.a(lib_a-wbuf.o)
                0x08009ce8                __swbuf_r
 .text._wcrtomb_r
                0x08009d98       0x3c d:/a_userdownload/clion2cubemx_tool/gcc-arm-none-eabi-10.3-2021.10-win32/gcc-arm-none-eabi-10.3-2021.10/bin/../lib/gcc/arm-none-eabi/10.3.1/../../../../arm-none-eabi/lib/thumb/v7-m/nofp\libg.a(lib_a-wcrtomb.o)
                0x08009d98                _wcrtomb_r
 .text.__ascii_wctomb
                0x08009dd4       0x1c d:/a_userdownload/clion2cubemx_tool/gcc-arm-none-eabi-10.3-2021.10-win32/gcc-arm-none-eabi-10.3-2021.10/bin/../lib/gcc/arm-none-eabi/10.3.1/../../../../arm-none-eabi/lib/thumb/v7-m/nofp\libg.a(lib_a-wctomb_r.o)
                0x08009dd4                __ascii_wctomb
 .text.abort    0x08009df0       0x10 d:/a_userdownload/clion2cubemx_tool/gcc-arm-none-eabi-10.3-2021.10-win32/gcc-arm-none-eabi-10.3-2021.10/bin/../lib/gcc/arm-none-eabi/10.3.1/../../../../arm-none-eabi/lib/thumb/v7-m/nofp\libg.a(lib_a-abort.o)
                0x08009df0                abort
 .text.raise    0x08009e00       0x5c d:/a_userdownload/clion2cubemx_tool/gcc-arm-none-eabi-10.3-2021.10-win32/gcc-arm-none-eabi-10.3-2021.10/bin/../lib/gcc/arm-none-eabi/10.3.1/../../../../arm-none-eabi/lib/thumb/v7-m/nofp\libg.a(lib_a-signal.o)
                0x08009e00                raise
 .text._kill_r  0x08009e5c       0x28 d:/a_userdownload/clion2cubemx_tool/gcc-arm-none-eabi-10.3-2021.10-win32/gcc-arm-none-eabi-10.3-2021.10/bin/../lib/gcc/arm-none-eabi/10.3.1/../../../../arm-none-eabi/lib/thumb/v7-m/nofp\libg.a(lib_a-signalr.o)
                0x08009e5c                _kill_r
 .text._getpid_r
                0x08009e84        0x4 d:/a_userdownload/clion2cubemx_tool/gcc-arm-none-eabi-10.3-2021.10-win32/gcc-arm-none-eabi-10.3-2021.10/bin/../lib/gcc/arm-none-eabi/10.3.1/../../../../arm-none-eabi/lib/thumb/v7-m/nofp\libg.a(lib_a-signalr.o)
                0x08009e84                _getpid_r
 *(.glue_7)
 .glue_7        0x08009e88        0x0 linker stubs
 *(.glue_7t)
 .glue_7t       0x08009e88        0x0 linker stubs
 *(.eh_frame)
 .eh_frame      0x08009e88        0x0 d:/a_userdownload/clion2cubemx_tool/gcc-arm-none-eabi-10.3-2021.10-win32/gcc-arm-none-eabi-10.3-2021.10/bin/../lib/gcc/arm-none-eabi/10.3.1/thumb/v7-m/nofp/crtbegin.o
 *(.init)
 .init          0x08009e88        0x4 d:/a_userdownload/clion2cubemx_tool/gcc-arm-none-eabi-10.3-2021.10-win32/gcc-arm-none-eabi-10.3-2021.10/bin/../lib/gcc/arm-none-eabi/10.3.1/thumb/v7-m/nofp/crti.o
                0x08009e88                _init
 .init          0x08009e8c        0x8 d:/a_userdownload/clion2cubemx_tool/gcc-arm-none-eabi-10.3-2021.10-win32/gcc-arm-none-eabi-10.3-2021.10/bin/../lib/gcc/arm-none-eabi/10.3.1/thumb/v7-m/nofp/crtn.o
 *(.fini)
 .fini          0x08009e94        0x4 d:/a_userdownload/clion2cubemx_tool/gcc-arm-none-eabi-10.3-2021.10-win32/gcc-arm-none-eabi-10.3-2021.10/bin/../lib/gcc/arm-none-eabi/10.3.1/thumb/v7-m/nofp/crti.o
                0x08009e94                _fini
 .fini          0x08009e98        0x8 d:/a_userdownload/clion2cubemx_tool/gcc-arm-none-eabi-10.3-2021.10-win32/gcc-arm-none-eabi-10.3-2021.10/bin/../lib/gcc/arm-none-eabi/10.3.1/thumb/v7-m/nofp/crtn.o
                0x08009ea0                . = ALIGN (0x4)
                0x08009ea0                _etext = .

.vfp11_veneer   0x08009ea0        0x0
 .vfp11_veneer  0x08009ea0        0x0 linker stubs

.v4_bx          0x08009ea0        0x0
 .v4_bx         0x08009ea0        0x0 linker stubs

.iplt           0x08009ea0        0x0
 .iplt          0x08009ea0        0x0 d:/a_userdownload/clion2cubemx_tool/gcc-arm-none-eabi-10.3-2021.10-win32/gcc-arm-none-eabi-10.3-2021.10/bin/../lib/gcc/arm-none-eabi/10.3.1/thumb/v7-m/nofp/crtbegin.o

.rodata         0x08009ea0      0xa80
                0x08009ea0                . = ALIGN (0x4)
 *(.rodata)
 *(.rodata*)
 .rodata.main.str1.4
                0x08009ea0       0x3a CMakeFiles/My_FlyBack.elf.dir/Core/Src/main.c.obj
 *fill*         0x08009eda        0x2 
 .rodata.AHBPrescTable
                0x08009edc       0x10 CMakeFiles/My_FlyBack.elf.dir/Core/Src/system_stm32f1xx.c.obj
                0x08009edc                AHBPrescTable
 .rodata.APBPrescTable
                0x08009eec        0x8 CMakeFiles/My_FlyBack.elf.dir/Core/Src/system_stm32f1xx.c.obj
                0x08009eec                APBPrescTable
 .rodata.aPLLMULFactorTable.1
                0x08009ef4       0x10 CMakeFiles/My_FlyBack.elf.dir/Drivers/STM32F1xx_HAL_Driver/Src/stm32f1xx_hal_rcc.c.obj
 .rodata.aPredivFactorTable.0
                0x08009f04        0x2 CMakeFiles/My_FlyBack.elf.dir/Drivers/STM32F1xx_HAL_Driver/Src/stm32f1xx_hal_rcc.c.obj
 *fill*         0x08009f06        0x2 
 .rodata.MY_printf.str1.4
                0x08009f08        0x3 CMakeFiles/My_FlyBack.elf.dir/User/Src/My_printf.c.obj
 *fill*         0x08009f0b        0x1 
 .rodata.OLED_F8x16
                0x08009f0c      0x5f0 CMakeFiles/My_FlyBack.elf.dir/User/Src/OLED.c.obj
                0x08009f0c                OLED_F8x16
 .rodata._global_impure_ptr
                0x0800a4fc        0x4 d:/a_userdownload/clion2cubemx_tool/gcc-arm-none-eabi-10.3-2021.10-win32/gcc-arm-none-eabi-10.3-2021.10/bin/../lib/gcc/arm-none-eabi/10.3.1/../../../../arm-none-eabi/lib/thumb/v7-m/nofp\libg.a(lib_a-impure.o)
                0x0800a4fc                _global_impure_ptr
 .rodata._svfprintf_r.str1.4
                0x0800a500       0x42 d:/a_userdownload/clion2cubemx_tool/gcc-arm-none-eabi-10.3-2021.10-win32/gcc-arm-none-eabi-10.3-2021.10/bin/../lib/gcc/arm-none-eabi/10.3.1/../../../../arm-none-eabi/lib/thumb/v7-m/nofp\libg.a(lib_a-svfprintf.o)
 *fill*         0x0800a542        0x2 
 .rodata.blanks.1
                0x0800a544       0x10 d:/a_userdownload/clion2cubemx_tool/gcc-arm-none-eabi-10.3-2021.10-win32/gcc-arm-none-eabi-10.3-2021.10/bin/../lib/gcc/arm-none-eabi/10.3.1/../../../../arm-none-eabi/lib/thumb/v7-m/nofp\libg.a(lib_a-svfprintf.o)
 .rodata.zeroes.0
                0x0800a554       0x10 d:/a_userdownload/clion2cubemx_tool/gcc-arm-none-eabi-10.3-2021.10-win32/gcc-arm-none-eabi-10.3-2021.10/bin/../lib/gcc/arm-none-eabi/10.3.1/../../../../arm-none-eabi/lib/thumb/v7-m/nofp\libg.a(lib_a-svfprintf.o)
 .rodata.__utoa.str1.4
                0x0800a564       0x25 d:/a_userdownload/clion2cubemx_tool/gcc-arm-none-eabi-10.3-2021.10-win32/gcc-arm-none-eabi-10.3-2021.10/bin/../lib/gcc/arm-none-eabi/10.3.1/../../../../arm-none-eabi/lib/thumb/v7-m/nofp\libg.a(lib_a-utoa.o)
 *fill*         0x0800a589        0x3 
 .rodata._dtoa_r.str1.4
                0x0800a58c       0xa2 d:/a_userdownload/clion2cubemx_tool/gcc-arm-none-eabi-10.3-2021.10-win32/gcc-arm-none-eabi-10.3-2021.10/bin/../lib/gcc/arm-none-eabi/10.3.1/../../../../arm-none-eabi/lib/thumb/v7-m/nofp\libg.a(lib_a-dtoa.o)
                                 0xa6 (size before relaxing)
 *fill*         0x0800a62e        0x2 
 .rodata.__multadd.str1.4
                0x0800a630       0x7f d:/a_userdownload/clion2cubemx_tool/gcc-arm-none-eabi-10.3-2021.10-win32/gcc-arm-none-eabi-10.3-2021.10/bin/../lib/gcc/arm-none-eabi/10.3.1/../../../../arm-none-eabi/lib/thumb/v7-m/nofp\libg.a(lib_a-mprec.o)
                                 0x93 (size before relaxing)
 *fill*         0x0800a6af        0x1 
 .rodata.__mprec_bigtens
                0x0800a6b0       0x28 d:/a_userdownload/clion2cubemx_tool/gcc-arm-none-eabi-10.3-2021.10-win32/gcc-arm-none-eabi-10.3-2021.10/bin/../lib/gcc/arm-none-eabi/10.3.1/../../../../arm-none-eabi/lib/thumb/v7-m/nofp\libg.a(lib_a-mprec.o)
                0x0800a6b0                __mprec_bigtens
 .rodata.__mprec_tens
                0x0800a6d8       0xc8 d:/a_userdownload/clion2cubemx_tool/gcc-arm-none-eabi-10.3-2021.10-win32/gcc-arm-none-eabi-10.3-2021.10/bin/../lib/gcc/arm-none-eabi/10.3.1/../../../../arm-none-eabi/lib/thumb/v7-m/nofp\libg.a(lib_a-mprec.o)
                0x0800a6d8                __mprec_tens
 .rodata.p05.0  0x0800a7a0        0xc d:/a_userdownload/clion2cubemx_tool/gcc-arm-none-eabi-10.3-2021.10-win32/gcc-arm-none-eabi-10.3-2021.10/bin/../lib/gcc/arm-none-eabi/10.3.1/../../../../arm-none-eabi/lib/thumb/v7-m/nofp\libg.a(lib_a-mprec.o)
 .rodata._vfiprintf_r.str1.4
                0x0800a7ac       0x2f d:/a_userdownload/clion2cubemx_tool/gcc-arm-none-eabi-10.3-2021.10-win32/gcc-arm-none-eabi-10.3-2021.10/bin/../lib/gcc/arm-none-eabi/10.3.1/../../../../arm-none-eabi/lib/thumb/v7-m/nofp\libg.a(lib_a-vfiprintf.o)
 .rodata.blanks.1
                0x0800a7ac       0x10 d:/a_userdownload/clion2cubemx_tool/gcc-arm-none-eabi-10.3-2021.10-win32/gcc-arm-none-eabi-10.3-2021.10/bin/../lib/gcc/arm-none-eabi/10.3.1/../../../../arm-none-eabi/lib/thumb/v7-m/nofp\libg.a(lib_a-vfiprintf.o)
 .rodata.zeroes.0
                0x0800a7bc       0x10 d:/a_userdownload/clion2cubemx_tool/gcc-arm-none-eabi-10.3-2021.10-win32/gcc-arm-none-eabi-10.3-2021.10/bin/../lib/gcc/arm-none-eabi/10.3.1/../../../../arm-none-eabi/lib/thumb/v7-m/nofp\libg.a(lib_a-vfiprintf.o)
 .rodata.__assert_func.str1.4
                0x0800a7cc       0x3f d:/a_userdownload/clion2cubemx_tool/gcc-arm-none-eabi-10.3-2021.10-win32/gcc-arm-none-eabi-10.3-2021.10/bin/../lib/gcc/arm-none-eabi/10.3.1/../../../../arm-none-eabi/lib/thumb/v7-m/nofp\libg.a(lib_a-assert.o)
                                 0x43 (size before relaxing)
 *fill*         0x0800a80b        0x1 
 .rodata._setlocale_r.str1.4
                0x0800a80c        0xa d:/a_userdownload/clion2cubemx_tool/gcc-arm-none-eabi-10.3-2021.10-win32/gcc-arm-none-eabi-10.3-2021.10/bin/../lib/gcc/arm-none-eabi/10.3.1/../../../../arm-none-eabi/lib/thumb/v7-m/nofp\libg.a(lib_a-locale.o)
                                  0xd (size before relaxing)
 *fill*         0x0800a816        0x2 
 .rodata.str1.4
                0x0800a818        0x2 d:/a_userdownload/clion2cubemx_tool/gcc-arm-none-eabi-10.3-2021.10-win32/gcc-arm-none-eabi-10.3-2021.10/bin/../lib/gcc/arm-none-eabi/10.3.1/../../../../arm-none-eabi/lib/thumb/v7-m/nofp\libg.a(lib_a-locale.o)
 *fill*         0x0800a81a        0x2 
 .rodata._ctype_
                0x0800a81c      0x101 d:/a_userdownload/clion2cubemx_tool/gcc-arm-none-eabi-10.3-2021.10-win32/gcc-arm-none-eabi-10.3-2021.10/bin/../lib/gcc/arm-none-eabi/10.3.1/../../../../arm-none-eabi/lib/thumb/v7-m/nofp\libg.a(lib_a-ctype_.o)
                0x0800a81c                _ctype_
                0x0800a920                . = ALIGN (0x4)
 *fill*         0x0800a91d        0x3 

.ARM.extab
 *(.ARM.extab* .gnu.linkonce.armextab.*)

.ARM            0x0800a920        0x8
                0x0800a920                __exidx_start = .
 *(.ARM.exidx*)
 .ARM.exidx     0x0800a920        0x8 d:/a_userdownload/clion2cubemx_tool/gcc-arm-none-eabi-10.3-2021.10-win32/gcc-arm-none-eabi-10.3-2021.10/bin/../lib/gcc/arm-none-eabi/10.3.1/thumb/v7-m/nofp\libgcc.a(_udivmoddi4.o)
                0x0800a928                __exidx_end = .

.rel.dyn        0x0800a928        0x0
 .rel.iplt      0x0800a928        0x0 d:/a_userdownload/clion2cubemx_tool/gcc-arm-none-eabi-10.3-2021.10-win32/gcc-arm-none-eabi-10.3-2021.10/bin/../lib/gcc/arm-none-eabi/10.3.1/thumb/v7-m/nofp/crtbegin.o

.preinit_array  0x0800a928        0x0
                0x0800a928                PROVIDE (__preinit_array_start = .)
 *(.preinit_array*)
                0x0800a928                PROVIDE (__preinit_array_end = .)

.init_array     0x0800a928        0x8
                0x0800a928                PROVIDE (__init_array_start = .)
 *(SORT_BY_NAME(.init_array.*))
 .init_array.00000
                0x0800a928        0x4 d:/a_userdownload/clion2cubemx_tool/gcc-arm-none-eabi-10.3-2021.10-win32/gcc-arm-none-eabi-10.3-2021.10/bin/../lib/gcc/arm-none-eabi/10.3.1/../../../../arm-none-eabi/lib/thumb/v7-m/nofp\libg.a(lib_a-__call_atexit.o)
 *(.init_array*)
 .init_array    0x0800a92c        0x4 d:/a_userdownload/clion2cubemx_tool/gcc-arm-none-eabi-10.3-2021.10-win32/gcc-arm-none-eabi-10.3-2021.10/bin/../lib/gcc/arm-none-eabi/10.3.1/thumb/v7-m/nofp/crtbegin.o
                0x0800a930                PROVIDE (__init_array_end = .)

.fini_array     0x0800a930        0x4
                0x0800a930                PROVIDE (__fini_array_start = .)
 *(SORT_BY_NAME(.fini_array.*))
 *(.fini_array*)
 .fini_array    0x0800a930        0x4 d:/a_userdownload/clion2cubemx_tool/gcc-arm-none-eabi-10.3-2021.10-win32/gcc-arm-none-eabi-10.3-2021.10/bin/../lib/gcc/arm-none-eabi/10.3.1/thumb/v7-m/nofp/crtbegin.o
                0x0800a934                PROVIDE (__fini_array_end = .)
                0x0800a934                _sidata = LOADADDR (.data)

.data           0x20000000      0x9b8 load address 0x0800a934
                0x20000000                . = ALIGN (0x4)
                0x20000000                _sdata = .
 *(.data)
 *(.data*)
 .data.SystemCoreClock
                0x20000000        0x4 CMakeFiles/My_FlyBack.elf.dir/Core/Src/system_stm32f1xx.c.obj
                0x20000000                SystemCoreClock
 .data.uwTickFreq
                0x20000004        0x1 CMakeFiles/My_FlyBack.elf.dir/Drivers/STM32F1xx_HAL_Driver/Src/stm32f1xx_hal.c.obj
                0x20000004                uwTickFreq
 *fill*         0x20000005        0x3 
 .data.uwTickPrio
                0x20000008        0x4 CMakeFiles/My_FlyBack.elf.dir/Drivers/STM32F1xx_HAL_Driver/Src/stm32f1xx_hal.c.obj
                0x20000008                uwTickPrio
 .data._impure_ptr
                0x2000000c        0x4 d:/a_userdownload/clion2cubemx_tool/gcc-arm-none-eabi-10.3-2021.10-win32/gcc-arm-none-eabi-10.3-2021.10/bin/../lib/gcc/arm-none-eabi/10.3.1/../../../../arm-none-eabi/lib/thumb/v7-m/nofp\libg.a(lib_a-impure.o)
                0x2000000c                _impure_ptr
 .data.impure_data
                0x20000010      0x428 d:/a_userdownload/clion2cubemx_tool/gcc-arm-none-eabi-10.3-2021.10-win32/gcc-arm-none-eabi-10.3-2021.10/bin/../lib/gcc/arm-none-eabi/10.3.1/../../../../arm-none-eabi/lib/thumb/v7-m/nofp\libg.a(lib_a-impure.o)
 .data.__malloc_av_
                0x20000438      0x408 d:/a_userdownload/clion2cubemx_tool/gcc-arm-none-eabi-10.3-2021.10-win32/gcc-arm-none-eabi-10.3-2021.10/bin/../lib/gcc/arm-none-eabi/10.3.1/../../../../arm-none-eabi/lib/thumb/v7-m/nofp\libg.a(lib_a-mallocr.o)
                0x20000438                __malloc_av_
 .data.__malloc_sbrk_base
                0x20000840        0x4 d:/a_userdownload/clion2cubemx_tool/gcc-arm-none-eabi-10.3-2021.10-win32/gcc-arm-none-eabi-10.3-2021.10/bin/../lib/gcc/arm-none-eabi/10.3.1/../../../../arm-none-eabi/lib/thumb/v7-m/nofp\libg.a(lib_a-mallocr.o)
                0x20000840                __malloc_sbrk_base
 .data.__malloc_trim_threshold
                0x20000844        0x4 d:/a_userdownload/clion2cubemx_tool/gcc-arm-none-eabi-10.3-2021.10-win32/gcc-arm-none-eabi-10.3-2021.10/bin/../lib/gcc/arm-none-eabi/10.3.1/../../../../arm-none-eabi/lib/thumb/v7-m/nofp\libg.a(lib_a-mallocr.o)
                0x20000844                __malloc_trim_threshold
 .data.__atexit_recursive_mutex
                0x20000848        0x4 d:/a_userdownload/clion2cubemx_tool/gcc-arm-none-eabi-10.3-2021.10-win32/gcc-arm-none-eabi-10.3-2021.10/bin/../lib/gcc/arm-none-eabi/10.3.1/../../../../arm-none-eabi/lib/thumb/v7-m/nofp\libg.a(lib_a-__call_atexit.o)
                0x20000848                __atexit_recursive_mutex
 .data.__global_locale
                0x2000084c      0x16c d:/a_userdownload/clion2cubemx_tool/gcc-arm-none-eabi-10.3-2021.10-win32/gcc-arm-none-eabi-10.3-2021.10/bin/../lib/gcc/arm-none-eabi/10.3.1/../../../../arm-none-eabi/lib/thumb/v7-m/nofp\libg.a(lib_a-locale.o)
                0x2000084c                __global_locale
                0x200009b8                . = ALIGN (0x4)
                0x200009b8                _edata = .

.igot.plt       0x200009b8        0x0 load address 0x0800b2ec
 .igot.plt      0x200009b8        0x0 d:/a_userdownload/clion2cubemx_tool/gcc-arm-none-eabi-10.3-2021.10-win32/gcc-arm-none-eabi-10.3-2021.10/bin/../lib/gcc/arm-none-eabi/10.3.1/thumb/v7-m/nofp/crtbegin.o
                0x200009b8                . = ALIGN (0x4)

.bss            0x200009b8      0x290 load address 0x0800b2ec
                0x200009b8                _sbss = .
                0x200009b8                __bss_start__ = _sbss
 *(.bss)
 .bss           0x200009b8       0x1c d:/a_userdownload/clion2cubemx_tool/gcc-arm-none-eabi-10.3-2021.10-win32/gcc-arm-none-eabi-10.3-2021.10/bin/../lib/gcc/arm-none-eabi/10.3.1/thumb/v7-m/nofp/crtbegin.o
 *(.bss*)
 .bss.Uart2_Package
                0x200009d4       0x17 CMakeFiles/My_FlyBack.elf.dir/Core/Src/main.c.obj
                0x200009d4                Uart2_Package
 *fill*         0x200009eb        0x1 
 .bss.hspi1     0x200009ec       0x58 CMakeFiles/My_FlyBack.elf.dir/Core/Src/spi.c.obj
                0x200009ec                hspi1
 .bss.Tempnum.0
                0x20000a44        0x2 CMakeFiles/My_FlyBack.elf.dir/Core/Src/stm32f1xx_it.c.obj
 *fill*         0x20000a46        0x2 
 .bss.heap_end.0
                0x20000a48        0x4 CMakeFiles/My_FlyBack.elf.dir/Core/Src/syscalls.c.obj
 .bss.htim1     0x20000a4c       0x48 CMakeFiles/My_FlyBack.elf.dir/Core/Src/tim.c.obj
                0x20000a4c                htim1
 .bss.htim2     0x20000a94       0x48 CMakeFiles/My_FlyBack.elf.dir/Core/Src/tim.c.obj
                0x20000a94                htim2
 .bss.hdma_usart2_rx
                0x20000adc       0x44 CMakeFiles/My_FlyBack.elf.dir/Core/Src/usart.c.obj
                0x20000adc                hdma_usart2_rx
 .bss.hdma_usart2_tx
                0x20000b20       0x44 CMakeFiles/My_FlyBack.elf.dir/Core/Src/usart.c.obj
                0x20000b20                hdma_usart2_tx
 .bss.huart1    0x20000b64       0x48 CMakeFiles/My_FlyBack.elf.dir/Core/Src/usart.c.obj
                0x20000b64                huart1
 .bss.huart2    0x20000bac       0x48 CMakeFiles/My_FlyBack.elf.dir/Core/Src/usart.c.obj
                0x20000bac                huart2
 .bss.uwTick    0x20000bf4        0x4 CMakeFiles/My_FlyBack.elf.dir/Drivers/STM32F1xx_HAL_Driver/Src/stm32f1xx_hal.c.obj
                0x20000bf4                uwTick
 .bss.ghuart    0x20000bf8        0x4 CMakeFiles/My_FlyBack.elf.dir/User/Src/My_printf.c.obj
                0x20000bf8                ghuart
 .bss.gHuart    0x20000bfc        0x4 CMakeFiles/My_FlyBack.elf.dir/User/Src/retarget.c.obj
                0x20000bfc                gHuart
 .bss.__malloc_current_mallinfo
                0x20000c00       0x28 d:/a_userdownload/clion2cubemx_tool/gcc-arm-none-eabi-10.3-2021.10-win32/gcc-arm-none-eabi-10.3-2021.10/bin/../lib/gcc/arm-none-eabi/10.3.1/../../../../arm-none-eabi/lib/thumb/v7-m/nofp\libg.a(lib_a-mallocr.o)
                0x20000c00                __malloc_current_mallinfo
 .bss.__malloc_max_sbrked_mem
                0x20000c28        0x4 d:/a_userdownload/clion2cubemx_tool/gcc-arm-none-eabi-10.3-2021.10-win32/gcc-arm-none-eabi-10.3-2021.10/bin/../lib/gcc/arm-none-eabi/10.3.1/../../../../arm-none-eabi/lib/thumb/v7-m/nofp\libg.a(lib_a-mallocr.o)
                0x20000c28                __malloc_max_sbrked_mem
 .bss.__malloc_max_total_mem
                0x20000c2c        0x4 d:/a_userdownload/clion2cubemx_tool/gcc-arm-none-eabi-10.3-2021.10-win32/gcc-arm-none-eabi-10.3-2021.10/bin/../lib/gcc/arm-none-eabi/10.3.1/../../../../arm-none-eabi/lib/thumb/v7-m/nofp\libg.a(lib_a-mallocr.o)
                0x20000c2c                __malloc_max_total_mem
 .bss.__malloc_top_pad
                0x20000c30        0x4 d:/a_userdownload/clion2cubemx_tool/gcc-arm-none-eabi-10.3-2021.10-win32/gcc-arm-none-eabi-10.3-2021.10/bin/../lib/gcc/arm-none-eabi/10.3.1/../../../../arm-none-eabi/lib/thumb/v7-m/nofp\libg.a(lib_a-mallocr.o)
                0x20000c30                __malloc_top_pad
 .bss.__lock___atexit_recursive_mutex
                0x20000c34        0x1 d:/a_userdownload/clion2cubemx_tool/gcc-arm-none-eabi-10.3-2021.10-win32/gcc-arm-none-eabi-10.3-2021.10/bin/../lib/gcc/arm-none-eabi/10.3.1/../../../../arm-none-eabi/lib/thumb/v7-m/nofp\libg.a(lib_a-lock.o)
                0x20000c34                __lock___atexit_recursive_mutex
 *fill*         0x20000c35        0x3 
 .bss.__lock___malloc_recursive_mutex
                0x20000c38        0x1 d:/a_userdownload/clion2cubemx_tool/gcc-arm-none-eabi-10.3-2021.10-win32/gcc-arm-none-eabi-10.3-2021.10/bin/../lib/gcc/arm-none-eabi/10.3.1/../../../../arm-none-eabi/lib/thumb/v7-m/nofp\libg.a(lib_a-lock.o)
                0x20000c38                __lock___malloc_recursive_mutex
 *fill*         0x20000c39        0x3 
 .bss.__lock___sfp_recursive_mutex
                0x20000c3c        0x1 d:/a_userdownload/clion2cubemx_tool/gcc-arm-none-eabi-10.3-2021.10-win32/gcc-arm-none-eabi-10.3-2021.10/bin/../lib/gcc/arm-none-eabi/10.3.1/../../../../arm-none-eabi/lib/thumb/v7-m/nofp\libg.a(lib_a-lock.o)
                0x20000c3c                __lock___sfp_recursive_mutex
 *fill*         0x20000c3d        0x3 
 .bss.__lock___sinit_recursive_mutex
                0x20000c40        0x1 d:/a_userdownload/clion2cubemx_tool/gcc-arm-none-eabi-10.3-2021.10-win32/gcc-arm-none-eabi-10.3-2021.10/bin/../lib/gcc/arm-none-eabi/10.3.1/../../../../arm-none-eabi/lib/thumb/v7-m/nofp\libg.a(lib_a-lock.o)
                0x20000c40                __lock___sinit_recursive_mutex
 *fill*         0x20000c41        0x3 
 .bss.errno     0x20000c44        0x4 d:/a_userdownload/clion2cubemx_tool/gcc-arm-none-eabi-10.3-2021.10-win32/gcc-arm-none-eabi-10.3-2021.10/bin/../lib/gcc/arm-none-eabi/10.3.1/../../../../arm-none-eabi/lib/thumb/v7-m/nofp\libg.a(lib_a-reent.o)
                0x20000c44                errno
 *(COMMON)
                0x20000c48                . = ALIGN (0x4)
                0x20000c48                _ebss = .
                0x20000c48                __bss_end__ = _ebss

._user_heap_stack
                0x20000c48      0x600 load address 0x0800b2ec
                0x20000c48                . = ALIGN (0x8)
                0x20000c48                PROVIDE (end = .)
                [!provide]                PROVIDE (_end = .)
                0x20000e48                . = (. + _Min_Heap_Size)
 *fill*         0x20000c48      0x200 
                0x20001248                . = (. + _Min_Stack_Size)
 *fill*         0x20000e48      0x400 
                0x20001248                . = ALIGN (0x8)

/DISCARD/
 libc.a(*)
 libm.a(*)
 libgcc.a(*)

.ARM.attributes
                0x00000000       0x29
 *(.ARM.attributes)
 .ARM.attributes
                0x00000000       0x1d d:/a_userdownload/clion2cubemx_tool/gcc-arm-none-eabi-10.3-2021.10-win32/gcc-arm-none-eabi-10.3-2021.10/bin/../lib/gcc/arm-none-eabi/10.3.1/thumb/v7-m/nofp/crti.o
 .ARM.attributes
                0x0000001d       0x2d d:/a_userdownload/clion2cubemx_tool/gcc-arm-none-eabi-10.3-2021.10-win32/gcc-arm-none-eabi-10.3-2021.10/bin/../lib/gcc/arm-none-eabi/10.3.1/thumb/v7-m/nofp/crtbegin.o
 .ARM.attributes
                0x0000004a       0x2d CMakeFiles/My_FlyBack.elf.dir/Core/Src/dma.c.obj
 .ARM.attributes
                0x00000077       0x2d CMakeFiles/My_FlyBack.elf.dir/Core/Src/gpio.c.obj
 .ARM.attributes
                0x000000a4       0x2d CMakeFiles/My_FlyBack.elf.dir/Core/Src/main.c.obj
 .ARM.attributes
                0x000000d1       0x2d CMakeFiles/My_FlyBack.elf.dir/Core/Src/spi.c.obj
 .ARM.attributes
                0x000000fe       0x2d CMakeFiles/My_FlyBack.elf.dir/Core/Src/stm32f1xx_hal_msp.c.obj
 .ARM.attributes
                0x0000012b       0x2d CMakeFiles/My_FlyBack.elf.dir/Core/Src/stm32f1xx_it.c.obj
 .ARM.attributes
                0x00000158       0x2d CMakeFiles/My_FlyBack.elf.dir/Core/Src/syscalls.c.obj
 .ARM.attributes
                0x00000185       0x2d CMakeFiles/My_FlyBack.elf.dir/Core/Src/system_stm32f1xx.c.obj
 .ARM.attributes
                0x000001b2       0x2d CMakeFiles/My_FlyBack.elf.dir/Core/Src/tim.c.obj
 .ARM.attributes
                0x000001df       0x2d CMakeFiles/My_FlyBack.elf.dir/Core/Src/usart.c.obj
 .ARM.attributes
                0x0000020c       0x2d CMakeFiles/My_FlyBack.elf.dir/Drivers/STM32F1xx_HAL_Driver/Src/stm32f1xx_hal.c.obj
 .ARM.attributes
                0x00000239       0x2d CMakeFiles/My_FlyBack.elf.dir/Drivers/STM32F1xx_HAL_Driver/Src/stm32f1xx_hal_cortex.c.obj
 .ARM.attributes
                0x00000266       0x2d CMakeFiles/My_FlyBack.elf.dir/Drivers/STM32F1xx_HAL_Driver/Src/stm32f1xx_hal_dma.c.obj
 .ARM.attributes
                0x00000293       0x2d CMakeFiles/My_FlyBack.elf.dir/Drivers/STM32F1xx_HAL_Driver/Src/stm32f1xx_hal_gpio.c.obj
 .ARM.attributes
                0x000002c0       0x2d CMakeFiles/My_FlyBack.elf.dir/Drivers/STM32F1xx_HAL_Driver/Src/stm32f1xx_hal_rcc.c.obj
 .ARM.attributes
                0x000002ed       0x2d CMakeFiles/My_FlyBack.elf.dir/Drivers/STM32F1xx_HAL_Driver/Src/stm32f1xx_hal_spi.c.obj
 .ARM.attributes
                0x0000031a       0x2d CMakeFiles/My_FlyBack.elf.dir/Drivers/STM32F1xx_HAL_Driver/Src/stm32f1xx_hal_tim.c.obj
 .ARM.attributes
                0x00000347       0x2d CMakeFiles/My_FlyBack.elf.dir/Drivers/STM32F1xx_HAL_Driver/Src/stm32f1xx_hal_tim_ex.c.obj
 .ARM.attributes
                0x00000374       0x2d CMakeFiles/My_FlyBack.elf.dir/Drivers/STM32F1xx_HAL_Driver/Src/stm32f1xx_hal_uart.c.obj
 .ARM.attributes
                0x000003a1       0x2d CMakeFiles/My_FlyBack.elf.dir/User/Src/My_printf.c.obj
 .ARM.attributes
                0x000003ce       0x2d CMakeFiles/My_FlyBack.elf.dir/User/Src/OLED.c.obj
 .ARM.attributes
                0x000003fb       0x2d CMakeFiles/My_FlyBack.elf.dir/User/Src/Uart_RxPackgae.c.obj
 .ARM.attributes
                0x00000428       0x2d CMakeFiles/My_FlyBack.elf.dir/User/Src/retarget.c.obj
 .ARM.attributes
                0x00000455       0x21 CMakeFiles/My_FlyBack.elf.dir/startup/startup_stm32f103xb.s.obj
 .ARM.attributes
                0x00000476       0x2d d:/a_userdownload/clion2cubemx_tool/gcc-arm-none-eabi-10.3-2021.10-win32/gcc-arm-none-eabi-10.3-2021.10/bin/../lib/gcc/arm-none-eabi/10.3.1/../../../../arm-none-eabi/lib/thumb/v7-m/nofp\libg.a(lib_a-errno.o)
 .ARM.attributes
                0x000004a3       0x2d d:/a_userdownload/clion2cubemx_tool/gcc-arm-none-eabi-10.3-2021.10-win32/gcc-arm-none-eabi-10.3-2021.10/bin/../lib/gcc/arm-none-eabi/10.3.1/../../../../arm-none-eabi/lib/thumb/v7-m/nofp\libg.a(lib_a-impure.o)
 .ARM.attributes
                0x000004d0       0x2d d:/a_userdownload/clion2cubemx_tool/gcc-arm-none-eabi-10.3-2021.10-win32/gcc-arm-none-eabi-10.3-2021.10/bin/../lib/gcc/arm-none-eabi/10.3.1/../../../../arm-none-eabi/lib/thumb/v7-m/nofp\libg.a(lib_a-init.o)
 .ARM.attributes
                0x000004fd       0x2d d:/a_userdownload/clion2cubemx_tool/gcc-arm-none-eabi-10.3-2021.10-win32/gcc-arm-none-eabi-10.3-2021.10/bin/../lib/gcc/arm-none-eabi/10.3.1/../../../../arm-none-eabi/lib/thumb/v7-m/nofp\libg.a(lib_a-itoa.o)
 .ARM.attributes
                0x0000052a       0x2d d:/a_userdownload/clion2cubemx_tool/gcc-arm-none-eabi-10.3-2021.10-win32/gcc-arm-none-eabi-10.3-2021.10/bin/../lib/gcc/arm-none-eabi/10.3.1/../../../../arm-none-eabi/lib/thumb/v7-m/nofp\libg.a(lib_a-malloc.o)
 .ARM.attributes
                0x00000557       0x2d d:/a_userdownload/clion2cubemx_tool/gcc-arm-none-eabi-10.3-2021.10-win32/gcc-arm-none-eabi-10.3-2021.10/bin/../lib/gcc/arm-none-eabi/10.3.1/../../../../arm-none-eabi/lib/thumb/v7-m/nofp\libg.a(lib_a-mallocr.o)
 .ARM.attributes
                0x00000584       0x1b d:/a_userdownload/clion2cubemx_tool/gcc-arm-none-eabi-10.3-2021.10-win32/gcc-arm-none-eabi-10.3-2021.10/bin/../lib/gcc/arm-none-eabi/10.3.1/../../../../arm-none-eabi/lib/thumb/v7-m/nofp\libg.a(lib_a-memcpy.o)
 .ARM.attributes
                0x0000059f       0x2d d:/a_userdownload/clion2cubemx_tool/gcc-arm-none-eabi-10.3-2021.10-win32/gcc-arm-none-eabi-10.3-2021.10/bin/../lib/gcc/arm-none-eabi/10.3.1/../../../../arm-none-eabi/lib/thumb/v7-m/nofp\libg.a(lib_a-memset.o)
 .ARM.attributes
                0x000005cc       0x2d d:/a_userdownload/clion2cubemx_tool/gcc-arm-none-eabi-10.3-2021.10-win32/gcc-arm-none-eabi-10.3-2021.10/bin/../lib/gcc/arm-none-eabi/10.3.1/../../../../arm-none-eabi/lib/thumb/v7-m/nofp\libg.a(lib_a-mlock.o)
 .ARM.attributes
                0x000005f9       0x2d d:/a_userdownload/clion2cubemx_tool/gcc-arm-none-eabi-10.3-2021.10-win32/gcc-arm-none-eabi-10.3-2021.10/bin/../lib/gcc/arm-none-eabi/10.3.1/../../../../arm-none-eabi/lib/thumb/v7-m/nofp\libg.a(lib_a-sbrkr.o)
 .ARM.attributes
                0x00000626       0x2d d:/a_userdownload/clion2cubemx_tool/gcc-arm-none-eabi-10.3-2021.10-win32/gcc-arm-none-eabi-10.3-2021.10/bin/../lib/gcc/arm-none-eabi/10.3.1/../../../../arm-none-eabi/lib/thumb/v7-m/nofp\libg.a(lib_a-setvbuf.o)
 .ARM.attributes
                0x00000653       0x2d d:/a_userdownload/clion2cubemx_tool/gcc-arm-none-eabi-10.3-2021.10-win32/gcc-arm-none-eabi-10.3-2021.10/bin/../lib/gcc/arm-none-eabi/10.3.1/../../../../arm-none-eabi/lib/thumb/v7-m/nofp\libg.a(lib_a-sprintf.o)
 .ARM.attributes
                0x00000680       0x2d d:/a_userdownload/clion2cubemx_tool/gcc-arm-none-eabi-10.3-2021.10-win32/gcc-arm-none-eabi-10.3-2021.10/bin/../lib/gcc/arm-none-eabi/10.3.1/../../../../arm-none-eabi/lib/thumb/v7-m/nofp\libg.a(lib_a-svfprintf.o)
 .ARM.attributes
                0x000006ad       0x2d d:/a_userdownload/clion2cubemx_tool/gcc-arm-none-eabi-10.3-2021.10-win32/gcc-arm-none-eabi-10.3-2021.10/bin/../lib/gcc/arm-none-eabi/10.3.1/../../../../arm-none-eabi/lib/thumb/v7-m/nofp\libg.a(lib_a-utoa.o)
 .ARM.attributes
                0x000006da       0x2d d:/a_userdownload/clion2cubemx_tool/gcc-arm-none-eabi-10.3-2021.10-win32/gcc-arm-none-eabi-10.3-2021.10/bin/../lib/gcc/arm-none-eabi/10.3.1/../../../../arm-none-eabi/lib/thumb/v7-m/nofp\libg.a(lib_a-wsetup.o)
 .ARM.attributes
                0x00000707       0x2d d:/a_userdownload/clion2cubemx_tool/gcc-arm-none-eabi-10.3-2021.10-win32/gcc-arm-none-eabi-10.3-2021.10/bin/../lib/gcc/arm-none-eabi/10.3.1/../../../../arm-none-eabi/lib/thumb/v7-m/nofp\libg.a(lib_a-__call_atexit.o)
 .ARM.attributes
                0x00000734       0x2d d:/a_userdownload/clion2cubemx_tool/gcc-arm-none-eabi-10.3-2021.10-win32/gcc-arm-none-eabi-10.3-2021.10/bin/../lib/gcc/arm-none-eabi/10.3.1/../../../../arm-none-eabi/lib/thumb/v7-m/nofp\libg.a(lib_a-atexit.o)
 .ARM.attributes
                0x00000761       0x2d d:/a_userdownload/clion2cubemx_tool/gcc-arm-none-eabi-10.3-2021.10-win32/gcc-arm-none-eabi-10.3-2021.10/bin/../lib/gcc/arm-none-eabi/10.3.1/../../../../arm-none-eabi/lib/thumb/v7-m/nofp\libg.a(lib_a-dtoa.o)
 .ARM.attributes
                0x0000078e       0x2d d:/a_userdownload/clion2cubemx_tool/gcc-arm-none-eabi-10.3-2021.10-win32/gcc-arm-none-eabi-10.3-2021.10/bin/../lib/gcc/arm-none-eabi/10.3.1/../../../../arm-none-eabi/lib/thumb/v7-m/nofp\libg.a(lib_a-fflush.o)
 .ARM.attributes
                0x000007bb       0x2d d:/a_userdownload/clion2cubemx_tool/gcc-arm-none-eabi-10.3-2021.10-win32/gcc-arm-none-eabi-10.3-2021.10/bin/../lib/gcc/arm-none-eabi/10.3.1/../../../../arm-none-eabi/lib/thumb/v7-m/nofp\libg.a(lib_a-findfp.o)
 .ARM.attributes
                0x000007e8       0x2d d:/a_userdownload/clion2cubemx_tool/gcc-arm-none-eabi-10.3-2021.10-win32/gcc-arm-none-eabi-10.3-2021.10/bin/../lib/gcc/arm-none-eabi/10.3.1/../../../../arm-none-eabi/lib/thumb/v7-m/nofp\libg.a(lib_a-fini.o)
 .ARM.attributes
                0x00000815       0x2d d:/a_userdownload/clion2cubemx_tool/gcc-arm-none-eabi-10.3-2021.10-win32/gcc-arm-none-eabi-10.3-2021.10/bin/../lib/gcc/arm-none-eabi/10.3.1/../../../../arm-none-eabi/lib/thumb/v7-m/nofp\libg.a(lib_a-freer.o)
 .ARM.attributes
                0x00000842       0x2d d:/a_userdownload/clion2cubemx_tool/gcc-arm-none-eabi-10.3-2021.10-win32/gcc-arm-none-eabi-10.3-2021.10/bin/../lib/gcc/arm-none-eabi/10.3.1/../../../../arm-none-eabi/lib/thumb/v7-m/nofp\libg.a(lib_a-fwalk.o)
 .ARM.attributes
                0x0000086f       0x2d d:/a_userdownload/clion2cubemx_tool/gcc-arm-none-eabi-10.3-2021.10-win32/gcc-arm-none-eabi-10.3-2021.10/bin/../lib/gcc/arm-none-eabi/10.3.1/../../../../arm-none-eabi/lib/thumb/v7-m/nofp\libg.a(lib_a-localeconv.o)
 .ARM.attributes
                0x0000089c       0x2d d:/a_userdownload/clion2cubemx_tool/gcc-arm-none-eabi-10.3-2021.10-win32/gcc-arm-none-eabi-10.3-2021.10/bin/../lib/gcc/arm-none-eabi/10.3.1/../../../../arm-none-eabi/lib/thumb/v7-m/nofp\libg.a(lib_a-lock.o)
 .ARM.attributes
                0x000008c9       0x2d d:/a_userdownload/clion2cubemx_tool/gcc-arm-none-eabi-10.3-2021.10-win32/gcc-arm-none-eabi-10.3-2021.10/bin/../lib/gcc/arm-none-eabi/10.3.1/../../../../arm-none-eabi/lib/thumb/v7-m/nofp\libg.a(lib_a-makebuf.o)
 .ARM.attributes
                0x000008f6       0x2d d:/a_userdownload/clion2cubemx_tool/gcc-arm-none-eabi-10.3-2021.10-win32/gcc-arm-none-eabi-10.3-2021.10/bin/../lib/gcc/arm-none-eabi/10.3.1/../../../../arm-none-eabi/lib/thumb/v7-m/nofp\libg.a(lib_a-memchr-stub.o)
 .ARM.attributes
                0x00000923       0x2d d:/a_userdownload/clion2cubemx_tool/gcc-arm-none-eabi-10.3-2021.10-win32/gcc-arm-none-eabi-10.3-2021.10/bin/../lib/gcc/arm-none-eabi/10.3.1/../../../../arm-none-eabi/lib/thumb/v7-m/nofp\libg.a(lib_a-mprec.o)
 .ARM.attributes
                0x00000950       0x2d d:/a_userdownload/clion2cubemx_tool/gcc-arm-none-eabi-10.3-2021.10-win32/gcc-arm-none-eabi-10.3-2021.10/bin/../lib/gcc/arm-none-eabi/10.3.1/../../../../arm-none-eabi/lib/thumb/v7-m/nofp\libg.a(lib_a-reent.o)
 .ARM.attributes
                0x0000097d       0x2d d:/a_userdownload/clion2cubemx_tool/gcc-arm-none-eabi-10.3-2021.10-win32/gcc-arm-none-eabi-10.3-2021.10/bin/../lib/gcc/arm-none-eabi/10.3.1/../../../../arm-none-eabi/lib/thumb/v7-m/nofp\libg.a(lib_a-s_frexp.o)
 .ARM.attributes
                0x000009aa       0x2d d:/a_userdownload/clion2cubemx_tool/gcc-arm-none-eabi-10.3-2021.10-win32/gcc-arm-none-eabi-10.3-2021.10/bin/../lib/gcc/arm-none-eabi/10.3.1/../../../../arm-none-eabi/lib/thumb/v7-m/nofp\libg.a(lib_a-stdio.o)
 .ARM.attributes